20:40:28 **** Incremental Build of configuration Debug for project exercise_1_firmware ****
make -j4 all 
arm-none-eabi-gcc "../Core/Src/system/sys_led.c" -mcpu=cortex-m4 -std=gnu11 -g3 -DDEBUG -DUSE_HAL_DRIVER -DSTM32F411xE -c -I../Core/Inc -I../Drivers/STM32F4xx_HAL_Driver/Inc -I../Drivers/STM32F4xx_HAL_Driver/Inc/Legacy -I../Drivers/CMSIS/Device/ST/STM32F4xx/Include -I../Drivers/CMSIS/Include -O0 -ffunction-sections -fdata-sections -Wall -fstack-usage -fcyclomatic-complexity -MMD -MP -MF"Core/Src/system/sys_led.d" -MT"Core/Src/system/sys_led.o" --specs=nano.specs -mfpu=fpv4-sp-d16 -mfloat-abi=hard -mthumb -o "Core/Src/system/sys_led.o"
arm-none-eabi-gcc "../Core/Src/system/sys_manage.c" -mcpu=cortex-m4 -std=gnu11 -g3 -DDEBUG -DUSE_HAL_DRIVER -DSTM32F411xE -c -I../Core/Inc -I../Drivers/STM32F4xx_HAL_Driver/Inc -I../Drivers/STM32F4xx_HAL_Driver/Inc/Legacy -I../Drivers/CMSIS/Device/ST/STM32F4xx/Include -I../Drivers/CMSIS/Include -O0 -ffunction-sections -fdata-sections -Wall -fstack-usage -fcyclomatic-complexity -MMD -MP -MF"Core/Src/system/sys_manage.d" -MT"Core/Src/system/sys_manage.o" --specs=nano.specs -mfpu=fpv4-sp-d16 -mfloat-abi=hard -mthumb -o "Core/Src/system/sys_manage.o"
arm-none-eabi-gcc "../Core/Src/drv/led.c" -mcpu=cortex-m4 -std=gnu11 -g3 -DDEBUG -DUSE_HAL_DRIVER -DSTM32F411xE -c -I../Core/Inc -I../Drivers/STM32F4xx_HAL_Driver/Inc -I../Drivers/STM32F4xx_HAL_Driver/Inc/Legacy -I../Drivers/CMSIS/Device/ST/STM32F4xx/Include -I../Drivers/CMSIS/Include -O0 -ffunction-sections -fdata-sections -Wall -fstack-usage -fcyclomatic-complexity -MMD -MP -MF"Core/Src/drv/led.d" -MT"Core/Src/drv/led.o" --specs=nano.specs -mfpu=fpv4-sp-d16 -mfloat-abi=hard -mthumb -o "Core/Src/drv/led.o"
arm-none-eabi-gcc "../Core/Src/app/app_led.c" -mcpu=cortex-m4 -std=gnu11 -g3 -DDEBUG -DUSE_HAL_DRIVER -DSTM32F411xE -c -I../Core/Inc -I../Drivers/STM32F4xx_HAL_Driver/Inc -I../Drivers/STM32F4xx_HAL_Driver/Inc/Legacy -I../Drivers/CMSIS/Device/ST/STM32F4xx/Include -I../Drivers/CMSIS/Include -O0 -ffunction-sections -fdata-sections -Wall -fstack-usage -fcyclomatic-complexity -MMD -MP -MF"Core/Src/app/app_led.d" -MT"Core/Src/app/app_led.o" --specs=nano.specs -mfpu=fpv4-sp-d16 -mfloat-abi=hard -mthumb -o "Core/Src/app/app_led.o"
arm-none-eabi-gcc "../Core/Src/main.c" -mcpu=cortex-m4 -std=gnu11 -g3 -DDEBUG -DUSE_HAL_DRIVER -DSTM32F411xE -c -I../Core/Inc -I../Drivers/STM32F4xx_HAL_Driver/Inc -I../Drivers/STM32F4xx_HAL_Driver/Inc/Legacy -I../Drivers/CMSIS/Device/ST/STM32F4xx/Include -I../Drivers/CMSIS/Include -O0 -ffunction-sections -fdata-sections -Wall -fstack-usage -fcyclomatic-complexity -MMD -MP -MF"Core/Src/main.d" -MT"Core/Src/main.o" --specs=nano.specs -mfpu=fpv4-sp-d16 -mfloat-abi=hard -mthumb -o "Core/Src/main.o"
arm-none-eabi-gcc -o "exercise_1_firmware.elf" @"objects.list"   -mcpu=cortex-m4 -T"C:\Users\XUANVIET\Desktop\Intern\06-2024-itr-intern-group-1\gpio_exercises\exercise_1\exercise_1_firmware\STM32F411VETX_FLASH.ld" --specs=nosys.specs -Wl,-Map="exercise_1_firmware.map" -Wl,--gc-sections -static --specs=nano.specs -mfpu=fpv4-sp-d16 -mfloat-abi=hard -mthumb -Wl,--start-group -lc -lm -Wl,--end-group
Finished building target: exercise_1_firmware.elf
 
arm-none-eabi-size  exercise_1_firmware.elf 
arm-none-eabi-objdump -h -S exercise_1_firmware.elf  > "exercise_1_firmware.list"
arm-none-eabi-objcopy  -O ihex exercise_1_firmware.elf  "exercise_1_firmware.hex"
   text	   data	    bss	    dec	    hex	filename
   7152	     20	   1572	   8744	   2228	exercise_1_firmware.elf
arm-none-eabi-objcopy  -O binary exercise_1_firmware.elf  "exercise_1_firmware.bin"
Finished building: default.size.stdout
 
Finished building: exercise_1_firmware.bin
Finished building: exercise_1_firmware.list
Finished building: exercise_1_firmware.hex
 
 
 

20:40:31 Build Finished. 0 errors, 0 warnings. (took 3s.132ms)

