../Core/Src/bsp/bsp_timer.c:36:20:bsp_timer_set_prescaler	16	static
../Core/Src/bsp/bsp_timer.c:46:20:bsp_timer_set_autoreload	16	static
../Core/Src/bsp/bsp_timer.c:56:20:bsp_timer_set_output_compare	24	static
../Core/Src/bsp/bsp_timer.c:70:20:bsp_timer_start	24	static
../Core/Src/bsp/bsp_timer.c:81:20:bsp_timer_start_it	24	static
../Core/Src/bsp/bsp_timer.c:92:20:bsp_timer_stop	24	static
../Core/Src/bsp/bsp_timer.c:103:20:bsp_timer_stop_it	24	static
../Core/Src/bsp/bsp_timer.c:114:20:bsp_pwm_start	24	static
../Core/Src/bsp/bsp_timer.c:129:20:bsp_pwm_start_it	24	static
../Core/Src/bsp/bsp_timer.c:144:20:bsp_pwm_stop	24	static
../Core/Src/bsp/bsp_timer.c:159:20:bsp_pwm_stop_it	24	static
../Core/Src/bsp/bsp_timer.c:174:10:bsp_get_systick	8	static
