Archive member included to satisfy reference by file (symbol)

D:/STM32/CubeIDE/STM32CubeIDE_1.14.1/STM32CubeIDE/plugins/com.st.stm32cube.ide.mcu.externaltools.gnu-tools-for-stm32.12.3.rel1.win32_1.0.100.202403111256/tools/bin/../lib/gcc/arm-none-eabi/12.3.1/../../../../arm-none-eabi/lib/thumb/v7e-m+fp/hard\libc_nano.a(libc_a-exit.o)
                              D:/STM32/CubeIDE/STM32CubeIDE_1.14.1/STM32CubeIDE/plugins/com.st.stm32cube.ide.mcu.externaltools.gnu-tools-for-stm32.12.3.rel1.win32_1.0.100.202403111256/tools/bin/../lib/gcc/arm-none-eabi/12.3.1/../../../../arm-none-eabi/lib/thumb/v7e-m+fp/hard/crt0.o (exit)
D:/STM32/CubeIDE/STM32CubeIDE_1.14.1/STM32CubeIDE/plugins/com.st.stm32cube.ide.mcu.externaltools.gnu-tools-for-stm32.12.3.rel1.win32_1.0.100.202403111256/tools/bin/../lib/gcc/arm-none-eabi/12.3.1/../../../../arm-none-eabi/lib/thumb/v7e-m+fp/hard\libc_nano.a(libc_a-findfp.o)
                              D:/STM32/CubeIDE/STM32CubeIDE_1.14.1/STM32CubeIDE/plugins/com.st.stm32cube.ide.mcu.externaltools.gnu-tools-for-stm32.12.3.rel1.win32_1.0.100.202403111256/tools/bin/../lib/gcc/arm-none-eabi/12.3.1/../../../../arm-none-eabi/lib/thumb/v7e-m+fp/hard\libc_nano.a(libc_a-exit.o) (__stdio_exit_handler)
D:/STM32/CubeIDE/STM32CubeIDE_1.14.1/STM32CubeIDE/plugins/com.st.stm32cube.ide.mcu.externaltools.gnu-tools-for-stm32.12.3.rel1.win32_1.0.100.202403111256/tools/bin/../lib/gcc/arm-none-eabi/12.3.1/../../../../arm-none-eabi/lib/thumb/v7e-m+fp/hard\libc_nano.a(libc_a-fwalk.o)
                              D:/STM32/CubeIDE/STM32CubeIDE_1.14.1/STM32CubeIDE/plugins/com.st.stm32cube.ide.mcu.externaltools.gnu-tools-for-stm32.12.3.rel1.win32_1.0.100.202403111256/tools/bin/../lib/gcc/arm-none-eabi/12.3.1/../../../../arm-none-eabi/lib/thumb/v7e-m+fp/hard\libc_nano.a(libc_a-findfp.o) (_fwalk_sglue)
D:/STM32/CubeIDE/STM32CubeIDE_1.14.1/STM32CubeIDE/plugins/com.st.stm32cube.ide.mcu.externaltools.gnu-tools-for-stm32.12.3.rel1.win32_1.0.100.202403111256/tools/bin/../lib/gcc/arm-none-eabi/12.3.1/../../../../arm-none-eabi/lib/thumb/v7e-m+fp/hard\libc_nano.a(libc_a-stdio.o)
                              D:/STM32/CubeIDE/STM32CubeIDE_1.14.1/STM32CubeIDE/plugins/com.st.stm32cube.ide.mcu.externaltools.gnu-tools-for-stm32.12.3.rel1.win32_1.0.100.202403111256/tools/bin/../lib/gcc/arm-none-eabi/12.3.1/../../../../arm-none-eabi/lib/thumb/v7e-m+fp/hard\libc_nano.a(libc_a-findfp.o) (__sread)
D:/STM32/CubeIDE/STM32CubeIDE_1.14.1/STM32CubeIDE/plugins/com.st.stm32cube.ide.mcu.externaltools.gnu-tools-for-stm32.12.3.rel1.win32_1.0.100.202403111256/tools/bin/../lib/gcc/arm-none-eabi/12.3.1/../../../../arm-none-eabi/lib/thumb/v7e-m+fp/hard\libc_nano.a(libc_a-memset.o)
                              D:/STM32/CubeIDE/STM32CubeIDE_1.14.1/STM32CubeIDE/plugins/com.st.stm32cube.ide.mcu.externaltools.gnu-tools-for-stm32.12.3.rel1.win32_1.0.100.202403111256/tools/bin/../lib/gcc/arm-none-eabi/12.3.1/../../../../arm-none-eabi/lib/thumb/v7e-m+fp/hard/crt0.o (memset)
D:/STM32/CubeIDE/STM32CubeIDE_1.14.1/STM32CubeIDE/plugins/com.st.stm32cube.ide.mcu.externaltools.gnu-tools-for-stm32.12.3.rel1.win32_1.0.100.202403111256/tools/bin/../lib/gcc/arm-none-eabi/12.3.1/../../../../arm-none-eabi/lib/thumb/v7e-m+fp/hard\libc_nano.a(libc_a-closer.o)
                              D:/STM32/CubeIDE/STM32CubeIDE_1.14.1/STM32CubeIDE/plugins/com.st.stm32cube.ide.mcu.externaltools.gnu-tools-for-stm32.12.3.rel1.win32_1.0.100.202403111256/tools/bin/../lib/gcc/arm-none-eabi/12.3.1/../../../../arm-none-eabi/lib/thumb/v7e-m+fp/hard\libc_nano.a(libc_a-stdio.o) (_close_r)
D:/STM32/CubeIDE/STM32CubeIDE_1.14.1/STM32CubeIDE/plugins/com.st.stm32cube.ide.mcu.externaltools.gnu-tools-for-stm32.12.3.rel1.win32_1.0.100.202403111256/tools/bin/../lib/gcc/arm-none-eabi/12.3.1/../../../../arm-none-eabi/lib/thumb/v7e-m+fp/hard\libc_nano.a(libc_a-reent.o)
                              D:/STM32/CubeIDE/STM32CubeIDE_1.14.1/STM32CubeIDE/plugins/com.st.stm32cube.ide.mcu.externaltools.gnu-tools-for-stm32.12.3.rel1.win32_1.0.100.202403111256/tools/bin/../lib/gcc/arm-none-eabi/12.3.1/../../../../arm-none-eabi/lib/thumb/v7e-m+fp/hard\libc_nano.a(libc_a-closer.o) (errno)
D:/STM32/CubeIDE/STM32CubeIDE_1.14.1/STM32CubeIDE/plugins/com.st.stm32cube.ide.mcu.externaltools.gnu-tools-for-stm32.12.3.rel1.win32_1.0.100.202403111256/tools/bin/../lib/gcc/arm-none-eabi/12.3.1/../../../../arm-none-eabi/lib/thumb/v7e-m+fp/hard\libc_nano.a(libc_a-impure.o)
                              D:/STM32/CubeIDE/STM32CubeIDE_1.14.1/STM32CubeIDE/plugins/com.st.stm32cube.ide.mcu.externaltools.gnu-tools-for-stm32.12.3.rel1.win32_1.0.100.202403111256/tools/bin/../lib/gcc/arm-none-eabi/12.3.1/../../../../arm-none-eabi/lib/thumb/v7e-m+fp/hard\libc_nano.a(libc_a-reent.o) (_impure_ptr)
[...]
Memory Configuration

Name             Origin             Length             Attributes
RAM              0x20000000         0x00020000         xrw
FLASH            0x08000000         0x00080000         xr
*default*        0x00000000         0xffffffff

Linker script and memory map

LOAD D:/STM32/CubeIDE/STM32CubeIDE_1.14.1/STM32CubeIDE/plugins/com.st.stm32cube.ide.mcu.externaltools.gnu-tools-for-stm32.12.3.rel1.win32_1.0.100.202403111256/tools/bin/../lib/gcc/arm-none-eabi/12.3.1/thumb/v7e-m+fp/hard/crti.o
LOAD D:/STM32/CubeIDE/STM32CubeIDE_1.14.1/STM32CubeIDE/plugins/com.st.stm32cube.ide.mcu.externaltools.gnu-tools-for-stm32.12.3.rel1.win32_1.0.100.202403111256/tools/bin/../lib/gcc/arm-none-eabi/12.3.1/thumb/v7e-m+fp/hard/crtbegin.o
LOAD D:/STM32/CubeIDE/STM32CubeIDE_1.14.1/STM32CubeIDE/plugins/com.st.stm32cube.ide.mcu.externaltools.gnu-tools-for-stm32.12.3.rel1.win32_1.0.100.202403111256/tools/bin/../lib/gcc/arm-none-eabi/12.3.1/../../../../arm-none-eabi/lib/thumb/v7e-m+fp/hard/crt0.o
LOAD ./Core/Src/bsp/bsp_gpio.o
LOAD ./Core/Src/bsp/bsp_timer.o
LOAD ./Core/Src/drv/drv_button.o
LOAD ./Core/Src/drv/drv_led.o
LOAD ./Core/Src/main.o
LOAD ./Core/Src/stm32f4xx_hal_msp.o
LOAD ./Core/Src/stm32f4xx_it.o
LOAD ./Core/Src/syscalls.o
LOAD ./Core/Src/sysmem.o
LOAD ./Core/Src/system_stm32f4xx.o
LOAD ./Core/Src/system/sys_button.o
LOAD ./Core/Src/system/sys_led.o
LOAD ./Core/Src/system/sys_manage.o
LOAD ./Core/Startup/startup_stm32f411vetx.o
LOAD ./Drivers/STM32F4xx_HAL_Driver/Src/stm32f4xx_hal.o
LOAD ./Drivers/STM32F4xx_HAL_Driver/Src/stm32f4xx_hal_cortex.o
LOAD ./Drivers/STM32F4xx_HAL_Driver/Src/stm32f4xx_hal_dma.o
LOAD ./Drivers/STM32F4xx_HAL_Driver/Src/stm32f4xx_hal_dma_ex.o
LOAD ./Drivers/STM32F4xx_HAL_Driver/Src/stm32f4xx_hal_exti.o
LOAD ./Drivers/STM32F4xx_HAL_Driver/Src/stm32f4xx_hal_flash.o
LOAD ./Drivers/STM32F4xx_HAL_Driver/Src/stm32f4xx_hal_flash_ex.o
LOAD ./Drivers/STM32F4xx_HAL_Driver/Src/stm32f4xx_hal_flash_ramfunc.o
LOAD ./Drivers/STM32F4xx_HAL_Driver/Src/stm32f4xx_hal_gpio.o
LOAD ./Drivers/STM32F4xx_HAL_Driver/Src/stm32f4xx_hal_pwr.o
LOAD ./Drivers/STM32F4xx_HAL_Driver/Src/stm32f4xx_hal_pwr_ex.o
LOAD ./Drivers/STM32F4xx_HAL_Driver/Src/stm32f4xx_hal_rcc.o
LOAD ./Drivers/STM32F4xx_HAL_Driver/Src/stm32f4xx_hal_rcc_ex.o
LOAD ./Drivers/STM32F4xx_HAL_Driver/Src/stm32f4xx_hal_tim.o
LOAD ./Drivers/STM32F4xx_HAL_Driver/Src/stm32f4xx_hal_tim_ex.o
START GROUP
LOAD D:/STM32/CubeIDE/STM32CubeIDE_1.14.1/STM32CubeIDE/plugins/com.st.stm32cube.ide.mcu.externaltools.gnu-tools-for-stm32.12.3.rel1.win32_1.0.100.202403111256/tools/bin/../lib/gcc/arm-none-eabi/12.3.1/../../../../arm-none-eabi/lib/thumb/v7e-m+fp/hard\libc_nano.a
LOAD D:/STM32/CubeIDE/STM32CubeIDE_1.14.1/STM32CubeIDE/plugins/com.st.stm32cube.ide.mcu.externaltools.gnu-tools-for-stm32.12.3.rel1.win32_1.0.100.202403111256/tools/bin/../lib/gcc/arm-none-eabi/12.3.1/../../../../arm-none-eabi/lib/thumb/v7e-m+fp/hard\libm.a
END GROUP
START GROUP
LOAD D:/STM32/CubeIDE/STM32CubeIDE_1.14.1/STM32CubeIDE/plugins/com.st.stm32cube.ide.mcu.externaltools.gnu-tools-for-stm32.12.3.rel1.win32_1.0.100.202403111256/tools/bin/../lib/gcc/arm-none-eabi/12.3.1/thumb/v7e-m+fp/hard\libgcc.a
LOAD D:/STM32/CubeIDE/STM32CubeIDE_1.14.1/STM32CubeIDE/plugins/com.st.stm32cube.ide.mcu.externaltools.gnu-tools-for-stm32.12.3.rel1.win32_1.0.100.202403111256/tools/bin/../lib/gcc/arm-none-eabi/12.3.1/../../../../arm-none-eabi/lib/thumb/v7e-m+fp/hard\libc_nano.a
END GROUP
START GROUP
LOAD D:/STM32/CubeIDE/STM32CubeIDE_1.14.1/STM32CubeIDE/plugins/com.st.stm32cube.ide.mcu.externaltools.gnu-tools-for-stm32.12.3.rel1.win32_1.0.100.202403111256/tools/bin/../lib/gcc/arm-none-eabi/12.3.1/thumb/v7e-m+fp/hard\libgcc.a
LOAD D:/STM32/CubeIDE/STM32CubeIDE_1.14.1/STM32CubeIDE/plugins/com.st.stm32cube.ide.mcu.externaltools.gnu-tools-for-stm32.12.3.rel1.win32_1.0.100.202403111256/tools/bin/../lib/gcc/arm-none-eabi/12.3.1/../../../../arm-none-eabi/lib/thumb/v7e-m+fp/hard\libc_nano.a
LOAD D:/STM32/CubeIDE/STM32CubeIDE_1.14.1/STM32CubeIDE/plugins/com.st.stm32cube.ide.mcu.externaltools.gnu-tools-for-stm32.12.3.rel1.win32_1.0.100.202403111256/tools/bin/../lib/gcc/arm-none-eabi/12.3.1/../../../../arm-none-eabi/lib/thumb/v7e-m+fp/hard\libnosys.a
END GROUP
START GROUP
LOAD D:/STM32/CubeIDE/STM32CubeIDE_1.14.1/STM32CubeIDE/plugins/com.st.stm32cube.ide.mcu.externaltools.gnu-tools-for-stm32.12.3.rel1.win32_1.0.100.202403111256/tools/bin/../lib/gcc/arm-none-eabi/12.3.1/thumb/v7e-m+fp/hard\libgcc.a
LOAD D:/STM32/CubeIDE/STM32CubeIDE_1.14.1/STM32CubeIDE/plugins/com.st.stm32cube.ide.mcu.externaltools.gnu-tools-for-stm32.12.3.rel1.win32_1.0.100.202403111256/tools/bin/../lib/gcc/arm-none-eabi/12.3.1/../../../../arm-none-eabi/lib/thumb/v7e-m+fp/hard\libc_nano.a
LOAD D:/STM32/CubeIDE/STM32CubeIDE_1.14.1/STM32CubeIDE/plugins/com.st.stm32cube.ide.mcu.externaltools.gnu-tools-for-stm32.12.3.rel1.win32_1.0.100.202403111256/tools/bin/../lib/gcc/arm-none-eabi/12.3.1/../../../../arm-none-eabi/lib/thumb/v7e-m+fp/hard\libnosys.a
END GROUP
LOAD D:/STM32/CubeIDE/STM32CubeIDE_1.14.1/STM32CubeIDE/plugins/com.st.stm32cube.ide.mcu.externaltools.gnu-tools-for-stm32.12.3.rel1.win32_1.0.100.202403111256/tools/bin/../lib/gcc/arm-none-eabi/12.3.1/thumb/v7e-m+fp/hard/crtend.o
LOAD D:/STM32/CubeIDE/STM32CubeIDE_1.14.1/STM32CubeIDE/plugins/com.st.stm32cube.ide.mcu.externaltools.gnu-tools-for-stm32.12.3.rel1.win32_1.0.100.202403111256/tools/bin/../lib/gcc/arm-none-eabi/12.3.1/thumb/v7e-m+fp/hard/crtn.o
                0x20020000                        _estack = (ORIGIN (RAM) + LENGTH (RAM))
                0x00000200                        _Min_Heap_Size = 0x200
                0x00000400                        _Min_Stack_Size = 0x400

.isr_vector     0x08000000      0x198
                0x08000000                        . = ALIGN (0x4)
 *(.isr_vector)
 .isr_vector    0x08000000      0x198 ./Core/Startup/startup_stm32f411vetx.o
                0x08000000                g_pfnVectors
                0x08000198                        . = ALIGN (0x4)

.text           0x08000198     0x28c0
                0x08000198                        . = ALIGN (0x4)
 *(.text)
 .text          0x08000198       0x40 D:/STM32/CubeIDE/STM32CubeIDE_1.14.1/STM32CubeIDE/plugins/com.st.stm32cube.ide.mcu.externaltools.gnu-tools-for-stm32.12.3.rel1.win32_1.0.100.202403111256/tools/bin/../lib/gcc/arm-none-eabi/12.3.1/thumb/v7e-m+fp/hard/crtbegin.o
 .text          0x080001d8       0x30 D:/STM32/CubeIDE/STM32CubeIDE_1.14.1/STM32CubeIDE/plugins/com.st.stm32cube.ide.mcu.externaltools.gnu-tools-for-stm32.12.3.rel1.win32_1.0.100.202403111256/tools/bin/../lib/gcc/arm-none-eabi/12.3.1/thumb/v7e-m+fp/hard\libgcc.a(_aeabi_uldivmod.o)
                0x080001d8                __aeabi_uldivmod
 .text          0x08000208      0x2bc D:/STM32/CubeIDE/STM32CubeIDE_1.14.1/STM32CubeIDE/plugins/com.st.stm32cube.ide.mcu.externaltools.gnu-tools-for-stm32.12.3.rel1.win32_1.0.100.202403111256/tools/bin/../lib/gcc/arm-none-eabi/12.3.1/thumb/v7e-m+fp/hard\libgcc.a(_udivmoddi4.o)
                0x08000208                __udivmoddi4
 .text          0x080004c4        0x4 D:/STM32/CubeIDE/STM32CubeIDE_1.14.1/STM32CubeIDE/plugins/com.st.stm32cube.ide.mcu.externaltools.gnu-tools-for-stm32.12.3.rel1.win32_1.0.100.202403111256/tools/bin/../lib/gcc/arm-none-eabi/12.3.1/thumb/v7e-m+fp/hard\libgcc.a(_dvmd_tls.o)
                0x080004c4                __aeabi_idiv0
                0x080004c4                __aeabi_ldiv0
 *(.text*)
 .text.bsp_gpio_init
                0x080004c8       0x66 ./Core/Src/bsp/bsp_gpio.o
                0x080004c8                bsp_gpio_init
 .text.bsp_gpio_write_pin
                0x0800052e       0x52 ./Core/Src/bsp/bsp_gpio.o
                0x0800052e                bsp_gpio_write_pin
 .text.bsp_gpio_read_pin
                0x08000580       0x38 ./Core/Src/bsp/bsp_gpio.o
                0x08000580                bsp_gpio_read_pin
 .text.bsp_gpio_toggle_pin
                0x080005b8       0x38 ./Core/Src/bsp/bsp_gpio.o
                0x080005b8                bsp_gpio_toggle_pin
 .text.bsp_timer_set_prescaler
                0x080005f0       0x3a ./Core/Src/bsp/bsp_timer.o
                0x080005f0                bsp_timer_set_prescaler
 .text.bsp_timer_set_autoreload
                0x0800062a       0x40 ./Core/Src/bsp/bsp_timer.o
                0x0800062a                bsp_timer_set_autoreload
 .text.bsp_timer_start_it
                0x0800066a       0x38 ./Core/Src/bsp/bsp_timer.o
                0x0800066a                bsp_timer_start_it
 .text.bsp_get_systick
                0x080006a2        0xe ./Core/Src/bsp/bsp_timer.o
                0x080006a2                bsp_get_systick
 .text.drv_button_init
                0x080006b0       0x18 ./Core/Src/drv/drv_button.o
                0x080006b0                drv_button_init
 .text.drv_button_read_pin
                0x080006c8       0x18 ./Core/Src/drv/drv_button.o
                0x080006c8                drv_button_read_pin
 .text.drv_button_get_tick
                0x080006e0        0xe ./Core/Src/drv/drv_button.o
                0x080006e0                drv_button_get_tick
 .text.drv_led_init
                0x080006ee       0x3a ./Core/Src/drv/drv_led.o
                0x080006ee                drv_led_init
 .text.drv_led_set_off
                0x08000728       0x34 ./Core/Src/drv/drv_led.o
                0x08000728                drv_led_set_off
 .text.drv_led_toggle
                0x0800075c       0x1c ./Core/Src/drv/drv_led.o
                0x0800075c                drv_led_toggle
 .text.main     0x08000778       0x64 ./Core/Src/main.o
                0x08000778                main
 .text.HAL_TIM_PeriodElapsedCallback
                0x080007dc       0x28 ./Core/Src/main.o
                0x080007dc                HAL_TIM_PeriodElapsedCallback
 .text.SystemClock_Config
                0x08000804       0xd0 ./Core/Src/main.o
                0x08000804                SystemClock_Config
 .text.MX_TIM2_Init
                0x080008d4       0x9c ./Core/Src/main.o
 .text.MX_GPIO_Init
                0x08000970       0xc0 ./Core/Src/main.o
 .text.Error_Handler
                0x08000a30        0xc ./Core/Src/main.o
                0x08000a30                Error_Handler
 .text.HAL_MspInit
                0x08000a3c       0x50 ./Core/Src/stm32f4xx_hal_msp.o
                0x08000a3c                HAL_MspInit
 .text.HAL_TIM_Base_MspInit
                0x08000a8c       0x4c ./Core/Src/stm32f4xx_hal_msp.o
                0x08000a8c                HAL_TIM_Base_MspInit
 .text.NMI_Handler
                0x08000ad8        0x8 ./Core/Src/stm32f4xx_it.o
                0x08000ad8                NMI_Handler
 .text.HardFault_Handler
                0x08000ae0        0x8 ./Core/Src/stm32f4xx_it.o
                0x08000ae0                HardFault_Handler
 .text.MemManage_Handler
                0x08000ae8        0x8 ./Core/Src/stm32f4xx_it.o
                0x08000ae8                MemManage_Handler
 .text.BusFault_Handler
                0x08000af0        0x8 ./Core/Src/stm32f4xx_it.o
                0x08000af0                BusFault_Handler
 .text.UsageFault_Handler
                0x08000af8        0x8 ./Core/Src/stm32f4xx_it.o
                0x08000af8                UsageFault_Handler
 .text.SVC_Handler
                0x08000b00        0xe ./Core/Src/stm32f4xx_it.o
                0x08000b00                SVC_Handler
 .text.DebugMon_Handler
                0x08000b0e        0xe ./Core/Src/stm32f4xx_it.o
                0x08000b0e                DebugMon_Handler
 .text.PendSV_Handler
                0x08000b1c        0xe ./Core/Src/stm32f4xx_it.o
                0x08000b1c                PendSV_Handler
 .text.SysTick_Handler
                0x08000b2a        0xc ./Core/Src/stm32f4xx_it.o
                0x08000b2a                SysTick_Handler
 *fill*         0x08000b36        0x2 
 .text.TIM2_IRQHandler
                0x08000b38       0x14 ./Core/Src/stm32f4xx_it.o
                0x08000b38                TIM2_IRQHandler
 .text.SystemInit
                0x08000b4c       0x24 ./Core/Src/system_stm32f4xx.o
                0x08000b4c                SystemInit
 .text.sys_button_fsm
                0x08000b70      0x368 ./Core/Src/system/sys_button.o
                0x08000b70                sys_button_fsm
 .text.sys_led_init
                0x08000ed8       0x3c ./Core/Src/system/sys_led.o
                0x08000ed8                sys_led_init
 .text.sys_led_effect_for_sys_state_0
                0x08000f14       0x3c ./Core/Src/system/sys_led.o
                0x08000f14                sys_led_effect_for_sys_state_0
 .text.sys_led_effect_for_sys_state_1
                0x08000f50       0x3c ./Core/Src/system/sys_led.o
                0x08000f50                sys_led_effect_for_sys_state_1
 .text.sys_led_effect_for_sys_state_2
                0x08000f8c       0x3c ./Core/Src/system/sys_led.o
                0x08000f8c                sys_led_effect_for_sys_state_2
 .text.sys_led_effect_for_sys_state_3
                0x08000fc8       0x3c ./Core/Src/system/sys_led.o
                0x08000fc8                sys_led_effect_for_sys_state_3
 .text.sys_init
                0x08001004       0x40 ./Core/Src/system/sys_manage.o
                0x08001004                sys_init
 .text.sys_manage_fsm
                0x08001044      0x1ec ./Core/Src/system/sys_manage.o
                0x08001044                sys_manage_fsm
 .text.Reset_Handler
                0x08001230       0x50 ./Core/Startup/startup_stm32f411vetx.o
                0x08001230                Reset_Handler
 .text.Default_Handler
                0x08001280        0x2 ./Core/Startup/startup_stm32f411vetx.o
                0x08001280                RTC_Alarm_IRQHandler
                0x08001280                EXTI2_IRQHandler
                0x08001280                SPI4_IRQHandler
                0x08001280                TIM1_CC_IRQHandler
                0x08001280                DMA2_Stream5_IRQHandler
                0x08001280                DMA1_Stream5_IRQHandler
                0x08001280                PVD_IRQHandler
                0x08001280                SDIO_IRQHandler
                0x08001280                TAMP_STAMP_IRQHandler
                0x08001280                EXTI3_IRQHandler
                0x08001280                TIM1_UP_TIM10_IRQHandler
                0x08001280                I2C3_ER_IRQHandler
                0x08001280                EXTI0_IRQHandler
                0x08001280                I2C2_EV_IRQHandler
                0x08001280                DMA1_Stream2_IRQHandler
                0x08001280                FPU_IRQHandler
                0x08001280                DMA2_Stream2_IRQHandler
                0x08001280                SPI1_IRQHandler
                0x08001280                TIM1_BRK_TIM9_IRQHandler
                0x08001280                DMA2_Stream3_IRQHandler
                0x08001280                USART6_IRQHandler
                0x08001280                DMA2_Stream0_IRQHandler
                0x08001280                TIM4_IRQHandler
                0x08001280                I2C1_EV_IRQHandler
                0x08001280                DMA1_Stream6_IRQHandler
                0x08001280                DMA1_Stream1_IRQHandler
                0x08001280                TIM3_IRQHandler
                0x08001280                RCC_IRQHandler
                0x08001280                Default_Handler
                0x08001280                EXTI15_10_IRQHandler
                0x08001280                ADC_IRQHandler
                0x08001280                DMA1_Stream7_IRQHandler
                0x08001280                SPI5_IRQHandler
                0x08001280                TIM5_IRQHandler
                0x08001280                DMA2_Stream7_IRQHandler
                0x08001280                I2C3_EV_IRQHandler
                0x08001280                EXTI9_5_IRQHandler
                0x08001280                RTC_WKUP_IRQHandler
                0x08001280                SPI2_IRQHandler
                0x08001280                DMA1_Stream0_IRQHandler
                0x08001280                EXTI4_IRQHandler
                0x08001280                WWDG_IRQHandler
                0x08001280                OTG_FS_WKUP_IRQHandler
                0x08001280                TIM1_TRG_COM_TIM11_IRQHandler
                0x08001280                EXTI1_IRQHandler
                0x08001280                USART2_IRQHandler
                0x08001280                I2C2_ER_IRQHandler
                0x08001280                DMA2_Stream1_IRQHandler
                0x08001280                FLASH_IRQHandler
                0x08001280                DMA2_Stream4_IRQHandler
                0x08001280                USART1_IRQHandler
                0x08001280                OTG_FS_IRQHandler
                0x08001280                SPI3_IRQHandler
                0x08001280                DMA1_Stream4_IRQHandler
                0x08001280                I2C1_ER_IRQHandler
                0x08001280                DMA2_Stream6_IRQHandler
                0x08001280                DMA1_Stream3_IRQHandler
 *fill*         0x08001282        0x2 
 .text.HAL_Init
                0x08001284       0x44 ./Drivers/STM32F4xx_HAL_Driver/Src/stm32f4xx_hal.o
                0x08001284                HAL_Init
 .text.HAL_InitTick
                0x080012c8       0x60 ./Drivers/STM32F4xx_HAL_Driver/Src/stm32f4xx_hal.o
                0x080012c8                HAL_InitTick
 .text.HAL_IncTick
                0x08001328       0x28 ./Drivers/STM32F4xx_HAL_Driver/Src/stm32f4xx_hal.o
                0x08001328                HAL_IncTick
 .text.HAL_GetTick
                0x08001350       0x18 ./Drivers/STM32F4xx_HAL_Driver/Src/stm32f4xx_hal.o
                0x08001350                HAL_GetTick
 .text.__NVIC_SetPriorityGrouping
                0x08001368       0x48 ./Drivers/STM32F4xx_HAL_Driver/Src/stm32f4xx_hal_cortex.o
 .text.__NVIC_GetPriorityGrouping
                0x080013b0       0x1c ./Drivers/STM32F4xx_HAL_Driver/Src/stm32f4xx_hal_cortex.o
 .text.__NVIC_EnableIRQ
                0x080013cc       0x3c ./Drivers/STM32F4xx_HAL_Driver/Src/stm32f4xx_hal_cortex.o
 .text.__NVIC_SetPriority
                0x08001408       0x54 ./Drivers/STM32F4xx_HAL_Driver/Src/stm32f4xx_hal_cortex.o
 .text.NVIC_EncodePriority
                0x0800145c       0x66 ./Drivers/STM32F4xx_HAL_Driver/Src/stm32f4xx_hal_cortex.o
 *fill*         0x080014c2        0x2 
 .text.SysTick_Config
                0x080014c4       0x44 ./Drivers/STM32F4xx_HAL_Driver/Src/stm32f4xx_hal_cortex.o
 .text.HAL_NVIC_SetPriorityGrouping
                0x08001508       0x16 ./Drivers/STM32F4xx_HAL_Driver/Src/stm32f4xx_hal_cortex.o
                0x08001508                HAL_NVIC_SetPriorityGrouping
 .text.HAL_NVIC_SetPriority
                0x0800151e       0x38 ./Drivers/STM32F4xx_HAL_Driver/Src/stm32f4xx_hal_cortex.o
                0x0800151e                HAL_NVIC_SetPriority
 .text.HAL_NVIC_EnableIRQ
                0x08001556       0x1c ./Drivers/STM32F4xx_HAL_Driver/Src/stm32f4xx_hal_cortex.o
                0x08001556                HAL_NVIC_EnableIRQ
 .text.HAL_SYSTICK_Config
                0x08001572       0x18 ./Drivers/STM32F4xx_HAL_Driver/Src/stm32f4xx_hal_cortex.o
                0x08001572                HAL_SYSTICK_Config
 *fill*         0x0800158a        0x2 
 .text.HAL_GPIO_Init
                0x0800158c      0x308 ./Drivers/STM32F4xx_HAL_Driver/Src/stm32f4xx_hal_gpio.o
                0x0800158c                HAL_GPIO_Init
 .text.HAL_GPIO_ReadPin
                0x08001894       0x30 ./Drivers/STM32F4xx_HAL_Driver/Src/stm32f4xx_hal_gpio.o
                0x08001894                HAL_GPIO_ReadPin
 .text.HAL_GPIO_WritePin
                0x080018c4       0x32 ./Drivers/STM32F4xx_HAL_Driver/Src/stm32f4xx_hal_gpio.o
                0x080018c4                HAL_GPIO_WritePin
 .text.HAL_GPIO_TogglePin
                0x080018f6       0x34 ./Drivers/STM32F4xx_HAL_Driver/Src/stm32f4xx_hal_gpio.o
                0x080018f6                HAL_GPIO_TogglePin
 *fill*         0x0800192a        0x2 
 .text.HAL_RCC_OscConfig
                0x0800192c      0x4f0 ./Drivers/STM32F4xx_HAL_Driver/Src/stm32f4xx_hal_rcc.o
                0x0800192c                HAL_RCC_OscConfig
 .text.HAL_RCC_ClockConfig
                0x08001e1c      0x1cc ./Drivers/STM32F4xx_HAL_Driver/Src/stm32f4xx_hal_rcc.o
                0x08001e1c                HAL_RCC_ClockConfig
 .text.HAL_RCC_GetSysClockFreq
                0x08001fe8      0x18c ./Drivers/STM32F4xx_HAL_Driver/Src/stm32f4xx_hal_rcc.o
                0x08001fe8                HAL_RCC_GetSysClockFreq
 .text.HAL_TIM_Base_Init
                0x08002174       0x9e ./Drivers/STM32F4xx_HAL_Driver/Src/stm32f4xx_hal_tim.o
                0x08002174                HAL_TIM_Base_Init
 *fill*         0x08002212        0x2 
 .text.HAL_TIM_Base_Start_IT
                0x08002214       0xc4 ./Drivers/STM32F4xx_HAL_Driver/Src/stm32f4xx_hal_tim.o
                0x08002214                HAL_TIM_Base_Start_IT
 .text.HAL_TIM_IRQHandler
                0x080022d8      0x1e0 ./Drivers/STM32F4xx_HAL_Driver/Src/stm32f4xx_hal_tim.o
                0x080022d8                HAL_TIM_IRQHandler
 .text.HAL_TIM_ConfigClockSource
                0x080024b8      0x18e ./Drivers/STM32F4xx_HAL_Driver/Src/stm32f4xx_hal_tim.o
                0x080024b8                HAL_TIM_ConfigClockSource
 .text.HAL_TIM_OC_DelayElapsedCallback
                0x08002646       0x14 ./Drivers/STM32F4xx_HAL_Driver/Src/stm32f4xx_hal_tim.o
                0x08002646                HAL_TIM_OC_DelayElapsedCallback
 .text.HAL_TIM_IC_CaptureCallback
                0x0800265a       0x14 ./Drivers/STM32F4xx_HAL_Driver/Src/stm32f4xx_hal_tim.o
                0x0800265a                HAL_TIM_IC_CaptureCallback
 .text.HAL_TIM_PWM_PulseFinishedCallback
                0x0800266e       0x14 ./Drivers/STM32F4xx_HAL_Driver/Src/stm32f4xx_hal_tim.o
                0x0800266e                HAL_TIM_PWM_PulseFinishedCallback
 .text.HAL_TIM_TriggerCallback
                0x08002682       0x14 ./Drivers/STM32F4xx_HAL_Driver/Src/stm32f4xx_hal_tim.o
                0x08002682                HAL_TIM_TriggerCallback
 *fill*         0x08002696        0x2 
 .text.TIM_Base_SetConfig
                0x08002698      0x118 ./Drivers/STM32F4xx_HAL_Driver/Src/stm32f4xx_hal_tim.o
                0x08002698                TIM_Base_SetConfig
 .text.TIM_TI1_ConfigInputStage
                0x080027b0       0x5e ./Drivers/STM32F4xx_HAL_Driver/Src/stm32f4xx_hal_tim.o
 .text.TIM_TI2_ConfigInputStage
                0x0800280e       0x60 ./Drivers/STM32F4xx_HAL_Driver/Src/stm32f4xx_hal_tim.o
 .text.TIM_ITRx_SetConfig
                0x0800286e       0x36 ./Drivers/STM32F4xx_HAL_Driver/Src/stm32f4xx_hal_tim.o
 .text.TIM_ETR_SetConfig
                0x080028a4       0x40 ./Drivers/STM32F4xx_HAL_Driver/Src/stm32f4xx_hal_tim.o
                0x080028a4                TIM_ETR_SetConfig
 .text.HAL_TIMEx_MasterConfigSynchronization
                0x080028e4       0xdc ./Drivers/STM32F4xx_HAL_Driver/Src/stm32f4xx_hal_tim_ex.o
                0x080028e4                HAL_TIMEx_MasterConfigSynchronization
 .text.HAL_TIMEx_CommutCallback
                0x080029c0       0x14 ./Drivers/STM32F4xx_HAL_Driver/Src/stm32f4xx_hal_tim_ex.o
                0x080029c0                HAL_TIMEx_CommutCallback
 .text.HAL_TIMEx_BreakCallback
                0x080029d4       0x14 ./Drivers/STM32F4xx_HAL_Driver/Src/stm32f4xx_hal_tim_ex.o
                0x080029d4                HAL_TIMEx_BreakCallback
 .text.memset   0x080029e8       0x10 D:/STM32/CubeIDE/STM32CubeIDE_1.14.1/STM32CubeIDE/plugins/com.st.stm32cube.ide.mcu.externaltools.gnu-tools-for-stm32.12.3.rel1.win32_1.0.100.202403111256/tools/bin/../lib/gcc/arm-none-eabi/12.3.1/../../../../arm-none-eabi/lib/thumb/v7e-m+fp/hard\libc_nano.a(libc_a-memset.o)
                0x080029e8                memset
 .text.__libc_init_array
                0x080029f8       0x48 D:/STM32/CubeIDE/STM32CubeIDE_1.14.1/STM32CubeIDE/plugins/com.st.stm32cube.ide.mcu.externaltools.gnu-tools-for-stm32.12.3.rel1.win32_1.0.100.202403111256/tools/bin/../lib/gcc/arm-none-eabi/12.3.1/../../../../arm-none-eabi/lib/thumb/v7e-m+fp/hard\libc_nano.a(libc_a-init.o)
                0x080029f8                __libc_init_array
 *(.glue_7)
 .glue_7        0x08002a40        0x0 linker stubs
 *(.glue_7t)
 .glue_7t       0x08002a40        0x0 linker stubs
 *(.eh_frame)
 .eh_frame      0x08002a40        0x0 D:/STM32/CubeIDE/STM32CubeIDE_1.14.1/STM32CubeIDE/plugins/com.st.stm32cube.ide.mcu.externaltools.gnu-tools-for-stm32.12.3.rel1.win32_1.0.100.202403111256/tools/bin/../lib/gcc/arm-none-eabi/12.3.1/thumb/v7e-m+fp/hard/crtbegin.o
 *(.init)
 .init          0x08002a40        0x4 D:/STM32/CubeIDE/STM32CubeIDE_1.14.1/STM32CubeIDE/plugins/com.st.stm32cube.ide.mcu.externaltools.gnu-tools-for-stm32.12.3.rel1.win32_1.0.100.202403111256/tools/bin/../lib/gcc/arm-none-eabi/12.3.1/thumb/v7e-m+fp/hard/crti.o
                0x08002a40                _init
 .init          0x08002a44        0x8 D:/STM32/CubeIDE/STM32CubeIDE_1.14.1/STM32CubeIDE/plugins/com.st.stm32cube.ide.mcu.externaltools.gnu-tools-for-stm32.12.3.rel1.win32_1.0.100.202403111256/tools/bin/../lib/gcc/arm-none-eabi/12.3.1/thumb/v7e-m+fp/hard/crtn.o
 *(.fini)
 .fini          0x08002a4c        0x4 D:/STM32/CubeIDE/STM32CubeIDE_1.14.1/STM32CubeIDE/plugins/com.st.stm32cube.ide.mcu.externaltools.gnu-tools-for-stm32.12.3.rel1.win32_1.0.100.202403111256/tools/bin/../lib/gcc/arm-none-eabi/12.3.1/thumb/v7e-m+fp/hard/crti.o
                0x08002a4c                _fini
 .fini          0x08002a50        0x8 D:/STM32/CubeIDE/STM32CubeIDE_1.14.1/STM32CubeIDE/plugins/com.st.stm32cube.ide.mcu.externaltools.gnu-tools-for-stm32.12.3.rel1.win32_1.0.100.202403111256/tools/bin/../lib/gcc/arm-none-eabi/12.3.1/thumb/v7e-m+fp/hard/crtn.o
                0x08002a58                        . = ALIGN (0x4)
                0x08002a58                        _etext = .

.vfp11_veneer   0x08002a58        0x0
 .vfp11_veneer  0x08002a58        0x0 linker stubs

.v4_bx          0x08002a58        0x0
 .v4_bx         0x08002a58        0x0 linker stubs

.iplt           0x08002a58        0x0
 .iplt          0x08002a58        0x0 D:/STM32/CubeIDE/STM32CubeIDE_1.14.1/STM32CubeIDE/plugins/com.st.stm32cube.ide.mcu.externaltools.gnu-tools-for-stm32.12.3.rel1.win32_1.0.100.202403111256/tools/bin/../lib/gcc/arm-none-eabi/12.3.1/thumb/v7e-m+fp/hard/crtbegin.o

.rodata         0x08002a58       0x10
                0x08002a58                        . = ALIGN (0x4)
 *(.rodata)
 *(.rodata*)
 .rodata.AHBPrescTable
                0x08002a58       0x10 ./Core/Src/system_stm32f4xx.o
                0x08002a58                AHBPrescTable
                0x08002a68                        . = ALIGN (0x4)

.ARM.extab      0x08002a68        0x0
                0x08002a68                        . = ALIGN (0x4)
 *(.ARM.extab* .gnu.linkonce.armextab.*)
                0x08002a68                        . = ALIGN (0x4)

.ARM            0x08002a68        0x8
                0x08002a68                        . = ALIGN (0x4)
                0x08002a68                        __exidx_start = .
 *(.ARM.exidx*)
 .ARM.exidx     0x08002a68        0x8 D:/STM32/CubeIDE/STM32CubeIDE_1.14.1/STM32CubeIDE/plugins/com.st.stm32cube.ide.mcu.externaltools.gnu-tools-for-stm32.12.3.rel1.win32_1.0.100.202403111256/tools/bin/../lib/gcc/arm-none-eabi/12.3.1/thumb/v7e-m+fp/hard\libgcc.a(_udivmoddi4.o)
                0x08002a70                        __exidx_end = .
                0x08002a70                        . = ALIGN (0x4)

.preinit_array  0x08002a70        0x0
                0x08002a70                        . = ALIGN (0x4)
                0x08002a70                        PROVIDE (__preinit_array_start = .)
 *(.preinit_array*)
                0x08002a70                        PROVIDE (__preinit_array_end = .)
                0x08002a70                        . = ALIGN (0x4)

.init_array     0x08002a70        0x4
                0x08002a70                        . = ALIGN (0x4)
                0x08002a70                        PROVIDE (__init_array_start = .)
 *(SORT_BY_NAME(.init_array.*))
 *(.init_array*)
 .init_array    0x08002a70        0x4 D:/STM32/CubeIDE/STM32CubeIDE_1.14.1/STM32CubeIDE/plugins/com.st.stm32cube.ide.mcu.externaltools.gnu-tools-for-stm32.12.3.rel1.win32_1.0.100.202403111256/tools/bin/../lib/gcc/arm-none-eabi/12.3.1/thumb/v7e-m+fp/hard/crtbegin.o
                0x08002a74                        PROVIDE (__init_array_end = .)
                0x08002a74                        . = ALIGN (0x4)

.fini_array     0x08002a74        0x4
                0x08002a74                        . = ALIGN (0x4)
                [!provide]                        PROVIDE (__fini_array_start = .)
 *(SORT_BY_NAME(.fini_array.*))
 *(.fini_array*)
 .fini_array    0x08002a74        0x4 D:/STM32/CubeIDE/STM32CubeIDE_1.14.1/STM32CubeIDE/plugins/com.st.stm32cube.ide.mcu.externaltools.gnu-tools-for-stm32.12.3.rel1.win32_1.0.100.202403111256/tools/bin/../lib/gcc/arm-none-eabi/12.3.1/thumb/v7e-m+fp/hard/crtbegin.o
                [!provide]                        PROVIDE (__fini_array_end = .)
                0x08002a78                        . = ALIGN (0x4)
                0x08002a78                        _sidata = LOADADDR (.data)

.rel.dyn        0x08002a78        0x0
 .rel.iplt      0x08002a78        0x0 D:/STM32/CubeIDE/STM32CubeIDE_1.14.1/STM32CubeIDE/plugins/com.st.stm32cube.ide.mcu.externaltools.gnu-tools-for-stm32.12.3.rel1.win32_1.0.100.202403111256/tools/bin/../lib/gcc/arm-none-eabi/12.3.1/thumb/v7e-m+fp/hard/crtbegin.o

.data           0x20000000       0x3c load address 0x08002a78
                0x20000000                        . = ALIGN (0x4)
                0x20000000                        _sdata = .
 *(.data)
 *(.data*)
 .data.LED      0x20000000       0x24 ./Core/Src/main.o
                0x20000000                LED
 .data.BUTTON   0x20000024        0xc ./Core/Src/main.o
                0x20000024                BUTTON
 .data.SystemCoreClock
                0x20000030        0x4 ./Core/Src/system_stm32f4xx.o
                0x20000030                SystemCoreClock
 .data.uwTickPrio
                0x20000034        0x4 ./Drivers/STM32F4xx_HAL_Driver/Src/stm32f4xx_hal.o
                0x20000034                uwTickPrio
 .data.uwTickFreq
                0x20000038        0x1 ./Drivers/STM32F4xx_HAL_Driver/Src/stm32f4xx_hal.o
                0x20000038                uwTickFreq
 *(.RamFunc)
 *(.RamFunc*)
                0x2000003c                        . = ALIGN (0x4)
 *fill*         0x20000039        0x3 
                0x2000003c                        _edata = .

.igot.plt       0x2000003c        0x0 load address 0x08002ab4
 .igot.plt      0x2000003c        0x0 D:/STM32/CubeIDE/STM32CubeIDE_1.14.1/STM32CubeIDE/plugins/com.st.stm32cube.ide.mcu.externaltools.gnu-tools-for-stm32.12.3.rel1.win32_1.0.100.202403111256/tools/bin/../lib/gcc/arm-none-eabi/12.3.1/thumb/v7e-m+fp/hard/crtbegin.o
                0x2000003c                        . = ALIGN (0x4)

.bss            0x2000003c       0x74 load address 0x08002ab4
                0x2000003c                        _sbss = .
                0x2000003c                        __bss_start__ = _sbss
 *(.bss)
 .bss           0x2000003c       0x1c D:/STM32/CubeIDE/STM32CubeIDE_1.14.1/STM32CubeIDE/plugins/com.st.stm32cube.ide.mcu.externaltools.gnu-tools-for-stm32.12.3.rel1.win32_1.0.100.202403111256/tools/bin/../lib/gcc/arm-none-eabi/12.3.1/thumb/v7e-m+fp/hard/crtbegin.o
 *(.bss*)
 .bss.htim2     0x20000058       0x48 ./Core/Src/main.o
                0x20000058                htim2
 .bss.timer_flag
                0x200000a0        0x1 ./Core/Src/main.o
                0x200000a0                timer_flag
 .bss.button_evt
                0x200000a1        0x1 ./Core/Src/main.o
 .bss.button_current_state
                0x200000a2        0x1 ./Core/Src/system/sys_button.o
 *fill*         0x200000a3        0x1 
 .bss.start_tick
                0x200000a4        0x4 ./Core/Src/system/sys_button.o
 .bss.button_state
                0x200000a8        0x1 ./Core/Src/system/sys_button.o
 .bss.button_evt
                0x200000a9        0x1 ./Core/Src/system/sys_button.o
 .bss.fsm_state
                0x200000aa        0x1 ./Core/Src/system/sys_manage.o
 *fill*         0x200000ab        0x1 
 .bss.uwTick    0x200000ac        0x4 ./Drivers/STM32F4xx_HAL_Driver/Src/stm32f4xx_hal.o
                0x200000ac                uwTick
 *(COMMON)
                0x200000b0                        . = ALIGN (0x4)
                0x200000b0                        _ebss = .
                0x200000b0                        __bss_end__ = _ebss

._user_heap_stack
                0x200000b0      0x600 load address 0x08002ab4
                0x200000b0                        . = ALIGN (0x8)
                [!provide]                        PROVIDE (end = .)
                0x200000b0                        PROVIDE (_end = .)
                0x200002b0                        . = (. + _Min_Heap_Size)
 *fill*         0x200000b0      0x200 
                0x200006b0                        . = (. + _Min_Stack_Size)
 *fill*         0x200002b0      0x400 
                0x200006b0                        . = ALIGN (0x8)

/DISCARD/
 libc.a(*)
 libm.a(*)
 libgcc.a(*)

.ARM.attributes
                0x00000000       0x30
 *(.ARM.attributes)
 .ARM.attributes
                0x00000000       0x22 D:/STM32/CubeIDE/STM32CubeIDE_1.14.1/STM32CubeIDE/plugins/com.st.stm32cube.ide.mcu.externaltools.gnu-tools-for-stm32.12.3.rel1.win32_1.0.100.202403111256/tools/bin/../lib/gcc/arm-none-eabi/12.3.1/thumb/v7e-m+fp/hard/crti.o
 .ARM.attributes
                0x00000022       0x34 D:/STM32/CubeIDE/STM32CubeIDE_1.14.1/STM32CubeIDE/plugins/com.st.stm32cube.ide.mcu.externaltools.gnu-tools-for-stm32.12.3.rel1.win32_1.0.100.202403111256/tools/bin/../lib/gcc/arm-none-eabi/12.3.1/thumb/v7e-m+fp/hard/crtbegin.o
 .ARM.attributes
                0x00000056       0x34 ./Core/Src/bsp/bsp_gpio.o
 .ARM.attributes
                0x0000008a       0x34 ./Core/Src/bsp/bsp_timer.o
 .ARM.attributes
                0x000000be       0x34 ./Core/Src/drv/drv_button.o
 .ARM.attributes
                0x000000f2       0x34 ./Core/Src/drv/drv_led.o
 .ARM.attributes
                0x00000126       0x34 ./Core/Src/main.o
 .ARM.attributes
                0x0000015a       0x34 ./Core/Src/stm32f4xx_hal_msp.o
 .ARM.attributes
                0x0000018e       0x34 ./Core/Src/stm32f4xx_it.o
 .ARM.attributes
                0x000001c2       0x34 ./Core/Src/system_stm32f4xx.o
 .ARM.attributes
                0x000001f6       0x34 ./Core/Src/system/sys_button.o
 .ARM.attributes
                0x0000022a       0x34 ./Core/Src/system/sys_led.o
 .ARM.attributes
                0x0000025e       0x34 ./Core/Src/system/sys_manage.o
 .ARM.attributes
                0x00000292       0x21 ./Core/Startup/startup_stm32f411vetx.o
 .ARM.attributes
                0x000002b3       0x34 ./Drivers/STM32F4xx_HAL_Driver/Src/stm32f4xx_hal.o
 .ARM.attributes
                0x000002e7       0x34 ./Drivers/STM32F4xx_HAL_Driver/Src/stm32f4xx_hal_cortex.o
 .ARM.attributes
                0x0000031b       0x34 ./Drivers/STM32F4xx_HAL_Driver/Src/stm32f4xx_hal_gpio.o
 .ARM.attributes
                0x0000034f       0x34 ./Drivers/STM32F4xx_HAL_Driver/Src/stm32f4xx_hal_rcc.o
 .ARM.attributes
                0x00000383       0x34 ./Drivers/STM32F4xx_HAL_Driver/Src/stm32f4xx_hal_tim.o
 .ARM.attributes
                0x000003b7       0x34 ./Drivers/STM32F4xx_HAL_Driver/Src/stm32f4xx_hal_tim_ex.o
 .ARM.attributes
                0x000003eb       0x34 D:/STM32/CubeIDE/STM32CubeIDE_1.14.1/STM32CubeIDE/plugins/com.st.stm32cube.ide.mcu.externaltools.gnu-tools-for-stm32.12.3.rel1.win32_1.0.100.202403111256/tools/bin/../lib/gcc/arm-none-eabi/12.3.1/../../../../arm-none-eabi/lib/thumb/v7e-m+fp/hard\libc_nano.a(libc_a-memset.o)
 .ARM.attributes
                0x0000041f       0x34 D:/STM32/CubeIDE/STM32CubeIDE_1.14.1/STM32CubeIDE/plugins/com.st.stm32cube.ide.mcu.externaltools.gnu-tools-for-stm32.12.3.rel1.win32_1.0.100.202403111256/tools/bin/../lib/gcc/arm-none-eabi/12.3.1/../../../../arm-none-eabi/lib/thumb/v7e-m+fp/hard\libc_nano.a(libc_a-init.o)
 .ARM.attributes
                0x00000453       0x22 D:/STM32/CubeIDE/STM32CubeIDE_1.14.1/STM32CubeIDE/plugins/com.st.stm32cube.ide.mcu.externaltools.gnu-tools-for-stm32.12.3.rel1.win32_1.0.100.202403111256/tools/bin/../lib/gcc/arm-none-eabi/12.3.1/thumb/v7e-m+fp/hard\libgcc.a(_aeabi_uldivmod.o)
 .ARM.attributes
                0x00000475       0x34 D:/STM32/CubeIDE/STM32CubeIDE_1.14.1/STM32CubeIDE/plugins/com.st.stm32cube.ide.mcu.externaltools.gnu-tools-for-stm32.12.3.rel1.win32_1.0.100.202403111256/tools/bin/../lib/gcc/arm-none-eabi/12.3.1/thumb/v7e-m+fp/hard\libgcc.a(_udivmoddi4.o)
 .ARM.attributes
                0x000004a9       0x22 D:/STM32/CubeIDE/STM32CubeIDE_1.14.1/STM32CubeIDE/plugins/com.st.stm32cube.ide.mcu.externaltools.gnu-tools-for-stm32.12.3.rel1.win32_1.0.100.202403111256/tools/bin/../lib/gcc/arm-none-eabi/12.3.1/thumb/v7e-m+fp/hard\libgcc.a(_dvmd_tls.o)
 .ARM.attributes
                0x000004cb       0x22 D:/STM32/CubeIDE/STM32CubeIDE_1.14.1/STM32CubeIDE/plugins/com.st.stm32cube.ide.mcu.externaltools.gnu-tools-for-stm32.12.3.rel1.win32_1.0.100.202403111256/tools/bin/../lib/gcc/arm-none-eabi/12.3.1/thumb/v7e-m+fp/hard/crtn.o
OUTPUT(timer_exercise_1_firmware.elf elf32-littlearm)
LOAD linker stubs
LOAD D:/STM32/CubeIDE/STM32CubeIDE_1.14.1/STM32CubeIDE/plugins/com.st.stm32cube.ide.mcu.externaltools.gnu-tools-for-stm32.12.3.rel1.win32_1.0.100.202403111256/tools/bin/../lib/gcc/arm-none-eabi/12.3.1/../../../../arm-none-eabi/lib/thumb/v7e-m+fp/hard\libc.a
LOAD D:/STM32/CubeIDE/STM32CubeIDE_1.14.1/STM32CubeIDE/plugins/com.st.stm32cube.ide.mcu.externaltools.gnu-tools-for-stm32.12.3.rel1.win32_1.0.100.202403111256/tools/bin/../lib/gcc/arm-none-eabi/12.3.1/../../../../arm-none-eabi/lib/thumb/v7e-m+fp/hard\libm.a
LOAD D:/STM32/CubeIDE/STM32CubeIDE_1.14.1/STM32CubeIDE/plugins/com.st.stm32cube.ide.mcu.externaltools.gnu-tools-for-stm32.12.3.rel1.win32_1.0.100.202403111256/tools/bin/../lib/gcc/arm-none-eabi/12.3.1/thumb/v7e-m+fp/hard\libgcc.a

.debug_info     0x00000000     0xae82
 .debug_info    0x00000000      0x2e3 ./Core/Src/bsp/bsp_gpio.o
 .debug_info    0x000002e3      0x9d2 ./Core/Src/bsp/bsp_timer.o
 .debug_info    0x00000cb5      0x2b3 ./Core/Src/drv/drv_button.o
 .debug_info    0x00000f68      0x39a ./Core/Src/drv/drv_led.o
 .debug_info    0x00001302      0xf6e ./Core/Src/main.o
 .debug_info    0x00002270      0xa85 ./Core/Src/stm32f4xx_hal_msp.o
 .debug_info    0x00002cf5      0x6da ./Core/Src/stm32f4xx_it.o
 .debug_info    0x000033cf      0x53e ./Core/Src/system_stm32f4xx.o
 .debug_info    0x0000390d      0x2f6 ./Core/Src/system/sys_button.o
 .debug_info    0x00003c03      0x3d4 ./Core/Src/system/sys_led.o
 .debug_info    0x00003fd7      0xa9b ./Core/Src/system/sys_manage.o
 .debug_info    0x00004a72       0x30 ./Core/Startup/startup_stm32f411vetx.o
 .debug_info    0x00004aa2      0x8c4 ./Drivers/STM32F4xx_HAL_Driver/Src/stm32f4xx_hal.o
 .debug_info    0x00005366      0xcc7 ./Drivers/STM32F4xx_HAL_Driver/Src/stm32f4xx_hal_cortex.o
 .debug_info    0x0000602d      0x6f9 ./Drivers/STM32F4xx_HAL_Driver/Src/stm32f4xx_hal_gpio.o
 .debug_info    0x00006726      0x8f2 ./Drivers/STM32F4xx_HAL_Driver/Src/stm32f4xx_hal_rcc.o
 .debug_info    0x00007018     0x2996 ./Drivers/STM32F4xx_HAL_Driver/Src/stm32f4xx_hal_tim.o
 .debug_info    0x000099ae     0x14d4 ./Drivers/STM32F4xx_HAL_Driver/Src/stm32f4xx_hal_tim_ex.o

.debug_abbrev   0x00000000     0x2189
 .debug_abbrev  0x00000000      0x17b ./Core/Src/bsp/bsp_gpio.o
 .debug_abbrev  0x0000017b      0x201 ./Core/Src/bsp/bsp_timer.o
 .debug_abbrev  0x0000037c      0x197 ./Core/Src/drv/drv_button.o
 .debug_abbrev  0x00000513      0x17c ./Core/Src/drv/drv_led.o
 .debug_abbrev  0x0000068f      0x2a2 ./Core/Src/main.o
 .debug_abbrev  0x00000931      0x1c1 ./Core/Src/stm32f4xx_hal_msp.o
 .debug_abbrev  0x00000af2      0x1a5 ./Core/Src/stm32f4xx_it.o
 .debug_abbrev  0x00000c97      0x11a ./Core/Src/system_stm32f4xx.o
 .debug_abbrev  0x00000db1      0x169 ./Core/Src/system/sys_button.o
 .debug_abbrev  0x00000f1a      0x171 ./Core/Src/system/sys_led.o
 .debug_abbrev  0x0000108b      0x1be ./Core/Src/system/sys_manage.o
 .debug_abbrev  0x00001249       0x24 ./Core/Startup/startup_stm32f411vetx.o
 .debug_abbrev  0x0000126d      0x24b ./Drivers/STM32F4xx_HAL_Driver/Src/stm32f4xx_hal.o
 .debug_abbrev  0x000014b8      0x328 ./Drivers/STM32F4xx_HAL_Driver/Src/stm32f4xx_hal_cortex.o
 .debug_abbrev  0x000017e0      0x1d3 ./Drivers/STM32F4xx_HAL_Driver/Src/stm32f4xx_hal_gpio.o
 .debug_abbrev  0x000019b3      0x2b5 ./Drivers/STM32F4xx_HAL_Driver/Src/stm32f4xx_hal_rcc.o
 .debug_abbrev  0x00001c68      0x28b ./Drivers/STM32F4xx_HAL_Driver/Src/stm32f4xx_hal_tim.o
 .debug_abbrev  0x00001ef3      0x296 ./Drivers/STM32F4xx_HAL_Driver/Src/stm32f4xx_hal_tim_ex.o

.debug_aranges  0x00000000      0xaf8
 .debug_aranges
                0x00000000       0x38 ./Core/Src/bsp/bsp_gpio.o
 .debug_aranges
                0x00000038       0x78 ./Core/Src/bsp/bsp_timer.o
 .debug_aranges
                0x000000b0       0x30 ./Core/Src/drv/drv_button.o
 .debug_aranges
                0x000000e0       0x38 ./Core/Src/drv/drv_led.o
 .debug_aranges
                0x00000118       0x48 ./Core/Src/main.o
 .debug_aranges
                0x00000160       0x30 ./Core/Src/stm32f4xx_hal_msp.o
 .debug_aranges
                0x00000190       0x68 ./Core/Src/stm32f4xx_it.o
 .debug_aranges
                0x000001f8       0x28 ./Core/Src/system_stm32f4xx.o
 .debug_aranges
                0x00000220       0x20 ./Core/Src/system/sys_button.o
 .debug_aranges
                0x00000240       0x40 ./Core/Src/system/sys_led.o
 .debug_aranges
                0x00000280       0x28 ./Core/Src/system/sys_manage.o
 .debug_aranges
                0x000002a8       0x28 ./Core/Startup/startup_stm32f411vetx.o
 .debug_aranges
                0x000002d0       0xf0 ./Drivers/STM32F4xx_HAL_Driver/Src/stm32f4xx_hal.o
 .debug_aranges
                0x000003c0      0x120 ./Drivers/STM32F4xx_HAL_Driver/Src/stm32f4xx_hal_cortex.o
 .debug_aranges
                0x000004e0       0x58 ./Drivers/STM32F4xx_HAL_Driver/Src/stm32f4xx_hal_gpio.o
 .debug_aranges
                0x00000538       0x88 ./Drivers/STM32F4xx_HAL_Driver/Src/stm32f4xx_hal_rcc.o
 .debug_aranges
                0x000005c0      0x3d0 ./Drivers/STM32F4xx_HAL_Driver/Src/stm32f4xx_hal_tim.o
 .debug_aranges
                0x00000990      0x168 ./Drivers/STM32F4xx_HAL_Driver/Src/stm32f4xx_hal_tim_ex.o

.debug_rnglists
                0x00000000      0x84e
 .debug_rnglists
                0x00000000       0x25 ./Core/Src/bsp/bsp_gpio.o
 .debug_rnglists
                0x00000025       0x56 ./Core/Src/bsp/bsp_timer.o
 .debug_rnglists
                0x0000007b       0x1f ./Core/Src/drv/drv_button.o
 .debug_rnglists
                0x0000009a       0x25 ./Core/Src/drv/drv_led.o
 .debug_rnglists
                0x000000bf       0x34 ./Core/Src/main.o
 .debug_rnglists
                0x000000f3       0x1f ./Core/Src/stm32f4xx_hal_msp.o
 .debug_rnglists
                0x00000112       0x49 ./Core/Src/stm32f4xx_it.o
 .debug_rnglists
                0x0000015b       0x1a ./Core/Src/system_stm32f4xx.o
 .debug_rnglists
                0x00000175       0x14 ./Core/Src/system/sys_button.o
 .debug_rnglists
                0x00000189       0x2b ./Core/Src/system/sys_led.o
 .debug_rnglists
                0x000001b4       0x1a ./Core/Src/system/sys_manage.o
 .debug_rnglists
                0x000001ce       0x19 ./Core/Startup/startup_stm32f411vetx.o
 .debug_rnglists
                0x000001e7       0xaf ./Drivers/STM32F4xx_HAL_Driver/Src/stm32f4xx_hal.o
 .debug_rnglists
                0x00000296       0xd4 ./Drivers/STM32F4xx_HAL_Driver/Src/stm32f4xx_hal_cortex.o
 .debug_rnglists
                0x0000036a       0x3f ./Drivers/STM32F4xx_HAL_Driver/Src/stm32f4xx_hal_gpio.o
 .debug_rnglists
                0x000003a9       0x66 ./Drivers/STM32F4xx_HAL_Driver/Src/stm32f4xx_hal_rcc.o
 .debug_rnglists
                0x0000040f      0x31a ./Drivers/STM32F4xx_HAL_Driver/Src/stm32f4xx_hal_tim.o
 .debug_rnglists
                0x00000729      0x125 ./Drivers/STM32F4xx_HAL_Driver/Src/stm32f4xx_hal_tim_ex.o

.debug_macro    0x00000000    0x16d26
 .debug_macro   0x00000000      0x2b8 ./Core/Src/bsp/bsp_gpio.o
 .debug_macro   0x000002b8      0xab4 ./Core/Src/bsp/bsp_gpio.o
 .debug_macro   0x00000d6c      0x295 ./Core/Src/bsp/bsp_gpio.o
 .debug_macro   0x00001001       0x2e ./Core/Src/bsp/bsp_gpio.o
 .debug_macro   0x0000102f       0x28 ./Core/Src/bsp/bsp_gpio.o
 .debug_macro   0x00001057       0x22 ./Core/Src/bsp/bsp_gpio.o
 .debug_macro   0x00001079       0x8e ./Core/Src/bsp/bsp_gpio.o
 .debug_macro   0x00001107       0x51 ./Core/Src/bsp/bsp_gpio.o
 .debug_macro   0x00001158      0x103 ./Core/Src/bsp/bsp_gpio.o
 .debug_macro   0x0000125b       0x6a ./Core/Src/bsp/bsp_gpio.o
 .debug_macro   0x000012c5      0x1df ./Core/Src/bsp/bsp_gpio.o
 .debug_macro   0x000014a4       0x1c ./Core/Src/bsp/bsp_gpio.o
 .debug_macro   0x000014c0       0x22 ./Core/Src/bsp/bsp_gpio.o
 .debug_macro   0x000014e2       0xfb ./Core/Src/bsp/bsp_gpio.o
 .debug_macro   0x000015dd     0x1011 ./Core/Src/bsp/bsp_gpio.o
 .debug_macro   0x000025ee      0x11f ./Core/Src/bsp/bsp_gpio.o
 .debug_macro   0x0000270d     0xb953 ./Core/Src/bsp/bsp_gpio.o
 .debug_macro   0x0000e060       0x6d ./Core/Src/bsp/bsp_gpio.o
 .debug_macro   0x0000e0cd     0x368c ./Core/Src/bsp/bsp_gpio.o
 .debug_macro   0x00011759      0x189 ./Core/Src/bsp/bsp_gpio.o
 .debug_macro   0x000118e2       0x5c ./Core/Src/bsp/bsp_gpio.o
 .debug_macro   0x0001193e      0x45c ./Core/Src/bsp/bsp_gpio.o
 .debug_macro   0x00011d9a      0x9e9 ./Core/Src/bsp/bsp_gpio.o
 .debug_macro   0x00012783      0x115 ./Core/Src/bsp/bsp_gpio.o
 .debug_macro   0x00012898      0x11b ./Core/Src/bsp/bsp_gpio.o
 .debug_macro   0x000129b3       0xa5 ./Core/Src/bsp/bsp_gpio.o
 .debug_macro   0x00012a58      0x15f ./Core/Src/bsp/bsp_gpio.o
 .debug_macro   0x00012bb7      0x287 ./Core/Src/bsp/bsp_gpio.o
 .debug_macro   0x00012e3e       0x5f ./Core/Src/bsp/bsp_gpio.o
 .debug_macro   0x00012e9d      0x236 ./Core/Src/bsp/bsp_gpio.o
 .debug_macro   0x000130d3      0x132 ./Core/Src/bsp/bsp_gpio.o
 .debug_macro   0x00013205      0x264 ./Core/Src/bsp/bsp_gpio.o
 .debug_macro   0x00013469       0x2e ./Core/Src/bsp/bsp_gpio.o
 .debug_macro   0x00013497      0x127 ./Core/Src/bsp/bsp_gpio.o
 .debug_macro   0x000135be       0x85 ./Core/Src/bsp/bsp_gpio.o
 .debug_macro   0x00013643       0x89 ./Core/Src/bsp/bsp_gpio.o
 .debug_macro   0x000136cc      0x8ed ./Core/Src/bsp/bsp_gpio.o
 .debug_macro   0x00013fb9       0x47 ./Core/Src/bsp/bsp_gpio.o
 .debug_macro   0x00014000      0x126 ./Core/Src/bsp/bsp_gpio.o
 .debug_macro   0x00014126       0x34 ./Core/Src/bsp/bsp_gpio.o
 .debug_macro   0x0001415a       0x22 ./Core/Src/bsp/bsp_gpio.o
 .debug_macro   0x0001417c       0x2a ./Core/Src/bsp/bsp_gpio.o
 .debug_macro   0x000141a6       0x61 ./Core/Src/bsp/bsp_gpio.o
 .debug_macro   0x00014207       0x43 ./Core/Src/bsp/bsp_gpio.o
 .debug_macro   0x0001424a       0x34 ./Core/Src/bsp/bsp_gpio.o
 .debug_macro   0x0001427e       0x16 ./Core/Src/bsp/bsp_gpio.o
 .debug_macro   0x00014294       0x35 ./Core/Src/bsp/bsp_gpio.o
 .debug_macro   0x000142c9       0x16 ./Core/Src/bsp/bsp_gpio.o
 .debug_macro   0x000142df       0x43 ./Core/Src/bsp/bsp_gpio.o
 .debug_macro   0x00014322       0x34 ./Core/Src/bsp/bsp_gpio.o
 .debug_macro   0x00014356       0x10 ./Core/Src/bsp/bsp_gpio.o
 .debug_macro   0x00014366       0x58 ./Core/Src/bsp/bsp_gpio.o
 .debug_macro   0x000143be       0x8e ./Core/Src/bsp/bsp_gpio.o
 .debug_macro   0x0001444c       0x1c ./Core/Src/bsp/bsp_gpio.o
 .debug_macro   0x00014468      0x177 ./Core/Src/bsp/bsp_gpio.o
 .debug_macro   0x000145df      0x369 ./Core/Src/bsp/bsp_gpio.o
 .debug_macro   0x00014948       0x16 ./Core/Src/bsp/bsp_gpio.o
 .debug_macro   0x0001495e       0x29 ./Core/Src/bsp/bsp_gpio.o
 .debug_macro   0x00014987      0x1e3 ./Core/Src/bsp/bsp_timer.o
 .debug_macro   0x00014b6a      0x2c6 ./Core/Src/drv/drv_button.o
 .debug_macro   0x00014e30      0x2bc ./Core/Src/drv/drv_led.o
 .debug_macro   0x000150ec      0x2f9 ./Core/Src/main.o
 .debug_macro   0x000153e5       0x1c ./Core/Src/main.o
 .debug_macro   0x00015401      0x1d3 ./Core/Src/stm32f4xx_hal_msp.o
 .debug_macro   0x000155d4      0x1dd ./Core/Src/stm32f4xx_it.o
 .debug_macro   0x000157b1      0x1c4 ./Core/Src/system_stm32f4xx.o
 .debug_macro   0x00015975      0x2d5 ./Core/Src/system/sys_button.o
 .debug_macro   0x00015c4a      0x2c6 ./Core/Src/system/sys_led.o
 .debug_macro   0x00015f10      0x2f3 ./Core/Src/system/sys_manage.o
 .debug_macro   0x00016203      0x224 ./Drivers/STM32F4xx_HAL_Driver/Src/stm32f4xx_hal.o
 .debug_macro   0x00016427      0x1c4 ./Drivers/STM32F4xx_HAL_Driver/Src/stm32f4xx_hal_cortex.o
 .debug_macro   0x000165eb      0x1ca ./Drivers/STM32F4xx_HAL_Driver/Src/stm32f4xx_hal_gpio.o
 .debug_macro   0x000167b5      0x1e8 ./Drivers/STM32F4xx_HAL_Driver/Src/stm32f4xx_hal_rcc.o
 .debug_macro   0x0001699d      0x1c5 ./Drivers/STM32F4xx_HAL_Driver/Src/stm32f4xx_hal_tim.o
 .debug_macro   0x00016b62      0x1c4 ./Drivers/STM32F4xx_HAL_Driver/Src/stm32f4xx_hal_tim_ex.o

.debug_line     0x00000000     0xec46
 .debug_line    0x00000000      0xa59 ./Core/Src/bsp/bsp_gpio.o
 .debug_line    0x00000a59      0x9c6 ./Core/Src/bsp/bsp_timer.o
 .debug_line    0x0000141f      0xa07 ./Core/Src/drv/drv_button.o
 .debug_line    0x00001e26      0xa32 ./Core/Src/drv/drv_led.o
 .debug_line    0x00002858      0xb57 ./Core/Src/main.o
 .debug_line    0x000033af      0x76d ./Core/Src/stm32f4xx_hal_msp.o
 .debug_line    0x00003b1c      0x80d ./Core/Src/stm32f4xx_it.o
 .debug_line    0x00004329      0x7b7 ./Core/Src/system_stm32f4xx.o
 .debug_line    0x00004ae0      0xc0e ./Core/Src/system/sys_button.o
 .debug_line    0x000056ee      0xa59 ./Core/Src/system/sys_led.o
 .debug_line    0x00006147      0xb2d ./Core/Src/system/sys_manage.o
 .debug_line    0x00006c74       0x7a ./Core/Startup/startup_stm32f411vetx.o
 .debug_line    0x00006cee      0xa20 ./Drivers/STM32F4xx_HAL_Driver/Src/stm32f4xx_hal.o
 .debug_line    0x0000770e      0xce8 ./Drivers/STM32F4xx_HAL_Driver/Src/stm32f4xx_hal_cortex.o
 .debug_line    0x000083f6      0xb70 ./Drivers/STM32F4xx_HAL_Driver/Src/stm32f4xx_hal_gpio.o
 .debug_line    0x00008f66      0xd91 ./Drivers/STM32F4xx_HAL_Driver/Src/stm32f4xx_hal_rcc.o
 .debug_line    0x00009cf7     0x359e ./Drivers/STM32F4xx_HAL_Driver/Src/stm32f4xx_hal_tim.o
 .debug_line    0x0000d295     0x19b1 ./Drivers/STM32F4xx_HAL_Driver/Src/stm32f4xx_hal_tim_ex.o

.debug_str      0x00000000    0x8bae0
 .debug_str     0x00000000    0x8828b ./Core/Src/bsp/bsp_gpio.o
                              0x8851d (size before relaxing)
 .debug_str     0x0008828b      0x6c6 ./Core/Src/bsp/bsp_timer.o
                              0x85913 (size before relaxing)
 .debug_str     0x00088951       0xb1 ./Core/Src/drv/drv_button.o
                              0x8851f (size before relaxing)
 .debug_str     0x00088a02      0x1f4 ./Core/Src/drv/drv_led.o
                              0x88651 (size before relaxing)
 .debug_str     0x00088bf6      0x5c5 ./Core/Src/main.o
                              0x88fc0 (size before relaxing)
 .debug_str     0x000891bb      0x434 ./Core/Src/stm32f4xx_hal_msp.o
                              0x85bb3 (size before relaxing)
 .debug_str     0x000895ef       0xec ./Core/Src/stm32f4xx_it.o
                              0x85752 (size before relaxing)
 .debug_str     0x000896db       0xdb ./Core/Src/system_stm32f4xx.o
                              0x85285 (size before relaxing)
 .debug_str     0x000897b6      0x1be ./Core/Src/system/sys_button.o
                              0x88728 (size before relaxing)
 .debug_str     0x00089974      0x1f6 ./Core/Src/system/sys_led.o
                              0x8873d (size before relaxing)
 .debug_str     0x00089b6a       0xbb ./Core/Src/system/sys_manage.o
                              0x88ead (size before relaxing)
 .debug_str     0x00089c25       0x44 ./Core/Startup/startup_stm32f411vetx.o
                                 0xb0 (size before relaxing)
 .debug_str     0x00089c69      0x60b ./Drivers/STM32F4xx_HAL_Driver/Src/stm32f4xx_hal.o
                              0x85cb1 (size before relaxing)
 .debug_str     0x0008a274      0x33f ./Drivers/STM32F4xx_HAL_Driver/Src/stm32f4xx_hal_cortex.o
                              0x859e9 (size before relaxing)
 .debug_str     0x0008a5b3      0x10d ./Drivers/STM32F4xx_HAL_Driver/Src/stm32f4xx_hal_gpio.o
                              0x85400 (size before relaxing)
 .debug_str     0x0008a6c0      0x233 ./Drivers/STM32F4xx_HAL_Driver/Src/stm32f4xx_hal_rcc.o
                              0x856b9 (size before relaxing)
 .debug_str     0x0008a8f3      0xd5a ./Drivers/STM32F4xx_HAL_Driver/Src/stm32f4xx_hal_tim.o
                              0x865fd (size before relaxing)
 .debug_str     0x0008b64d      0x493 ./Drivers/STM32F4xx_HAL_Driver/Src/stm32f4xx_hal_tim_ex.o
                              0x85e09 (size before relaxing)

.comment        0x00000000       0x43
 .comment       0x00000000       0x43 ./Core/Src/bsp/bsp_gpio.o
                                 0x44 (size before relaxing)
 .comment       0x00000043       0x44 ./Core/Src/bsp/bsp_timer.o
 .comment       0x00000043       0x44 ./Core/Src/drv/drv_button.o
 .comment       0x00000043       0x44 ./Core/Src/drv/drv_led.o
 .comment       0x00000043       0x44 ./Core/Src/main.o
 .comment       0x00000043       0x44 ./Core/Src/stm32f4xx_hal_msp.o
 .comment       0x00000043       0x44 ./Core/Src/stm32f4xx_it.o
 .comment       0x00000043       0x44 ./Core/Src/system_stm32f4xx.o
 .comment       0x00000043       0x44 ./Core/Src/system/sys_button.o
 .comment       0x00000043       0x44 ./Core/Src/system/sys_led.o
 .comment       0x00000043       0x44 ./Core/Src/system/sys_manage.o
 .comment       0x00000043       0x44 ./Drivers/STM32F4xx_HAL_Driver/Src/stm32f4xx_hal.o
 .comment       0x00000043       0x44 ./Drivers/STM32F4xx_HAL_Driver/Src/stm32f4xx_hal_cortex.o
 .comment       0x00000043       0x44 ./Drivers/STM32F4xx_HAL_Driver/Src/stm32f4xx_hal_gpio.o
 .comment       0x00000043       0x44 ./Drivers/STM32F4xx_HAL_Driver/Src/stm32f4xx_hal_rcc.o
 .comment       0x00000043       0x44 ./Drivers/STM32F4xx_HAL_Driver/Src/stm32f4xx_hal_tim.o
 .comment       0x00000043       0x44 ./Drivers/STM32F4xx_HAL_Driver/Src/stm32f4xx_hal_tim_ex.o

.debug_frame    0x00000000     0x2bac
 .debug_frame   0x00000000       0xa4 ./Core/Src/bsp/bsp_gpio.o
 .debug_frame   0x000000a4      0x1c4 ./Core/Src/bsp/bsp_timer.o
 .debug_frame   0x00000268       0x74 ./Core/Src/drv/drv_button.o
 .debug_frame   0x000002dc       0xa0 ./Core/Src/drv/drv_led.o
 .debug_frame   0x0000037c       0xdc ./Core/Src/main.o
 .debug_frame   0x00000458       0x80 ./Core/Src/stm32f4xx_hal_msp.o
 .debug_frame   0x000004d8      0x120 ./Core/Src/stm32f4xx_it.o
 .debug_frame   0x000005f8       0x58 ./Core/Src/system_stm32f4xx.o
 .debug_frame   0x00000650       0x38 ./Core/Src/system/sys_button.o
 .debug_frame   0x00000688       0xc4 ./Core/Src/system/sys_led.o
 .debug_frame   0x0000074c       0x58 ./Core/Src/system/sys_manage.o
 .debug_frame   0x000007a4      0x374 ./Drivers/STM32F4xx_HAL_Driver/Src/stm32f4xx_hal.o
 .debug_frame   0x00000b18      0x4b8 ./Drivers/STM32F4xx_HAL_Driver/Src/stm32f4xx_hal_cortex.o
 .debug_frame   0x00000fd0      0x14c ./Drivers/STM32F4xx_HAL_Driver/Src/stm32f4xx_hal_gpio.o
 .debug_frame   0x0000111c      0x1f4 ./Drivers/STM32F4xx_HAL_Driver/Src/stm32f4xx_hal_rcc.o
 .debug_frame   0x00001310     0x11b8 ./Drivers/STM32F4xx_HAL_Driver/Src/stm32f4xx_hal_tim.o
 .debug_frame   0x000024c8      0x638 ./Drivers/STM32F4xx_HAL_Driver/Src/stm32f4xx_hal_tim_ex.o
 .debug_frame   0x00002b00       0x20 D:/STM32/CubeIDE/STM32CubeIDE_1.14.1/STM32CubeIDE/plugins/com.st.stm32cube.ide.mcu.externaltools.gnu-tools-for-stm32.12.3.rel1.win32_1.0.100.202403111256/tools/bin/../lib/gcc/arm-none-eabi/12.3.1/../../../../arm-none-eabi/lib/thumb/v7e-m+fp/hard\libc_nano.a(libc_a-memset.o)
 .debug_frame   0x00002b20       0x2c D:/STM32/CubeIDE/STM32CubeIDE_1.14.1/STM32CubeIDE/plugins/com.st.stm32cube.ide.mcu.externaltools.gnu-tools-for-stm32.12.3.rel1.win32_1.0.100.202403111256/tools/bin/../lib/gcc/arm-none-eabi/12.3.1/../../../../arm-none-eabi/lib/thumb/v7e-m+fp/hard\libc_nano.a(libc_a-init.o)
 .debug_frame   0x00002b4c       0x2c D:/STM32/CubeIDE/STM32CubeIDE_1.14.1/STM32CubeIDE/plugins/com.st.stm32cube.ide.mcu.externaltools.gnu-tools-for-stm32.12.3.rel1.win32_1.0.100.202403111256/tools/bin/../lib/gcc/arm-none-eabi/12.3.1/thumb/v7e-m+fp/hard\libgcc.a(_aeabi_uldivmod.o)
 .debug_frame   0x00002b78       0x34 D:/STM32/CubeIDE/STM32CubeIDE_1.14.1/STM32CubeIDE/plugins/com.st.stm32cube.ide.mcu.externaltools.gnu-tools-for-stm32.12.3.rel1.win32_1.0.100.202403111256/tools/bin/../lib/gcc/arm-none-eabi/12.3.1/thumb/v7e-m+fp/hard\libgcc.a(_udivmoddi4.o)

.debug_line_str
                0x00000000       0x94
 .debug_line_str
                0x00000000       0x94 ./Core/Startup/startup_stm32f411vetx.o
