Archive member included to satisfy reference by file (symbol)

D:/STM32/CubeIDE/STM32CubeIDE_1.16.0/STM32CubeIDE/plugins/com.st.stm32cube.ide.mcu.externaltools.gnu-tools-for-stm32.12.3.rel1.win32_1.0.200.202406191623/tools/bin/../lib/gcc/arm-none-eabi/12.3.1/../../../../arm-none-eabi/lib/thumb/v7e-m+fp/hard\libc_nano.a(libc_a-exit.o)
                              D:/STM32/CubeIDE/STM32CubeIDE_1.16.0/STM32CubeIDE/plugins/com.st.stm32cube.ide.mcu.externaltools.gnu-tools-for-stm32.12.3.rel1.win32_1.0.200.202406191623/tools/bin/../lib/gcc/arm-none-eabi/12.3.1/../../../../arm-none-eabi/lib/thumb/v7e-m+fp/hard/crt0.o (exit)
D:/STM32/CubeIDE/STM32CubeIDE_1.16.0/STM32CubeIDE/plugins/com.st.stm32cube.ide.mcu.externaltools.gnu-tools-for-stm32.12.3.rel1.win32_1.0.200.202406191623/tools/bin/../lib/gcc/arm-none-eabi/12.3.1/../../../../arm-none-eabi/lib/thumb/v7e-m+fp/hard\libc_nano.a(libc_a-findfp.o)
                              D:/STM32/CubeIDE/STM32CubeIDE_1.16.0/STM32CubeIDE/plugins/com.st.stm32cube.ide.mcu.externaltools.gnu-tools-for-stm32.12.3.rel1.win32_1.0.200.202406191623/tools/bin/../lib/gcc/arm-none-eabi/12.3.1/../../../../arm-none-eabi/lib/thumb/v7e-m+fp/hard\libc_nano.a(libc_a-exit.o) (__stdio_exit_handler)
D:/STM32/CubeIDE/STM32CubeIDE_1.16.0/STM32CubeIDE/plugins/com.st.stm32cube.ide.mcu.externaltools.gnu-tools-for-stm32.12.3.rel1.win32_1.0.200.202406191623/tools/bin/../lib/gcc/arm-none-eabi/12.3.1/../../../../arm-none-eabi/lib/thumb/v7e-m+fp/hard\libc_nano.a(libc_a-fwalk.o)
                              D:/STM32/CubeIDE/STM32CubeIDE_1.16.0/STM32CubeIDE/plugins/com.st.stm32cube.ide.mcu.externaltools.gnu-tools-for-stm32.12.3.rel1.win32_1.0.200.202406191623/tools/bin/../lib/gcc/arm-none-eabi/12.3.1/../../../../arm-none-eabi/lib/thumb/v7e-m+fp/hard\libc_nano.a(libc_a-findfp.o) (_fwalk_sglue)
D:/STM32/CubeIDE/STM32CubeIDE_1.16.0/STM32CubeIDE/plugins/com.st.stm32cube.ide.mcu.externaltools.gnu-tools-for-stm32.12.3.rel1.win32_1.0.200.202406191623/tools/bin/../lib/gcc/arm-none-eabi/12.3.1/../../../../arm-none-eabi/lib/thumb/v7e-m+fp/hard\libc_nano.a(libc_a-stdio.o)
                              D:/STM32/CubeIDE/STM32CubeIDE_1.16.0/STM32CubeIDE/plugins/com.st.stm32cube.ide.mcu.externaltools.gnu-tools-for-stm32.12.3.rel1.win32_1.0.200.202406191623/tools/bin/../lib/gcc/arm-none-eabi/12.3.1/../../../../arm-none-eabi/lib/thumb/v7e-m+fp/hard\libc_nano.a(libc_a-findfp.o) (__sread)
D:/STM32/CubeIDE/STM32CubeIDE_1.16.0/STM32CubeIDE/plugins/com.st.stm32cube.ide.mcu.externaltools.gnu-tools-for-stm32.12.3.rel1.win32_1.0.200.202406191623/tools/bin/../lib/gcc/arm-none-eabi/12.3.1/../../../../arm-none-eabi/lib/thumb/v7e-m+fp/hard\libc_nano.a(libc_a-memmove.o)
                              ./Core/Src/system/sys_manage.o (memmove)
D:/STM32/CubeIDE/STM32CubeIDE_1.16.0/STM32CubeIDE/plugins/com.st.stm32cube.ide.mcu.externaltools.gnu-tools-for-stm32.12.3.rel1.win32_1.0.200.202406191623/tools/bin/../lib/gcc/arm-none-eabi/12.3.1/../../../../arm-none-eabi/lib/thumb/v7e-m+fp/hard\libc_nano.a(libc_a-memset.o)
                              D:/STM32/CubeIDE/STM32CubeIDE_1.16.0/STM32CubeIDE/plugins/com.st.stm32cube.ide.mcu.externaltools.gnu-tools-for-stm32.12.3.rel1.win32_1.0.200.202406191623/tools/bin/../lib/gcc/arm-none-eabi/12.3.1/../../../../arm-none-eabi/lib/thumb/v7e-m+fp/hard/crt0.o (memset)
D:/STM32/CubeIDE/STM32CubeIDE_1.16.0/STM32CubeIDE/plugins/com.st.stm32cube.ide.mcu.externaltools.gnu-tools-for-stm32.12.3.rel1.win32_1.0.200.202406191623/tools/bin/../lib/gcc/arm-none-eabi/12.3.1/../../../../arm-none-eabi/lib/thumb/v7e-m+fp/hard\libc_nano.a(libc_a-closer.o)
                              D:/STM32/CubeIDE/STM32CubeIDE_1.16.0/STM32CubeIDE/plugins/com.st.stm32cube.ide.mcu.externaltools.gnu-tools-for-stm32.12.3.rel1.win32_1.0.200.202406191623/tools/bin/../lib/gcc/arm-none-eabi/12.3.1/../../../../arm-none-eabi/lib/thumb/v7e-m+fp/hard\libc_nano.a(libc_a-stdio.o) (_close_r)
D:/STM32/CubeIDE/STM32CubeIDE_1.16.0/STM32CubeIDE/plugins/com.st.stm32cube.ide.mcu.externaltools.gnu-tools-for-stm32.12.3.rel1.win32_1.0.200.202406191623/tools/bin/../lib/gcc/arm-none-eabi/12.3.1/../../../../arm-none-eabi/lib/thumb/v7e-m+fp/hard\libc_nano.a(libc_a-reent.o)
                              D:/STM32/CubeIDE/STM32CubeIDE_1.16.0/STM32CubeIDE/plugins/com.st.stm32cube.ide.mcu.externaltools.gnu-tools-for-stm32.12.3.rel1.win32_1.0.200.202406191623/tools/bin/../lib/gcc/arm-none-eabi/12.3.1/../../../../arm-none-eabi/lib/thumb/v7e-m+fp/hard\libc_nano.a(libc_a-closer.o) (errno)
D:/STM32/CubeIDE/STM32CubeIDE_1.16.0/STM32CubeIDE/plugins/com.st.stm32cube.ide.mcu.externaltools.gnu-tools-for-stm32.12.3.rel1.win32_1.0.200.202406191623/tools/bin/../lib/gcc/arm-none-eabi/12.3.1/../../../../arm-none-eabi/lib/thumb/v7e-m+fp/hard\libc_nano.a(libc_a-impure.o)
[...]
Memory Configuration

Name             Origin             Length             Attributes
RAM              0x20000000         0x00020000         xrw
FLASH            0x08000000         0x00080000         xr
*default*        0x00000000         0xffffffff

Linker script and memory map

LOAD D:/STM32/CubeIDE/STM32CubeIDE_1.16.0/STM32CubeIDE/plugins/com.st.stm32cube.ide.mcu.externaltools.gnu-tools-for-stm32.12.3.rel1.win32_1.0.200.202406191623/tools/bin/../lib/gcc/arm-none-eabi/12.3.1/thumb/v7e-m+fp/hard/crti.o
LOAD D:/STM32/CubeIDE/STM32CubeIDE_1.16.0/STM32CubeIDE/plugins/com.st.stm32cube.ide.mcu.externaltools.gnu-tools-for-stm32.12.3.rel1.win32_1.0.200.202406191623/tools/bin/../lib/gcc/arm-none-eabi/12.3.1/thumb/v7e-m+fp/hard/crtbegin.o
LOAD D:/STM32/CubeIDE/STM32CubeIDE_1.16.0/STM32CubeIDE/plugins/com.st.stm32cube.ide.mcu.externaltools.gnu-tools-for-stm32.12.3.rel1.win32_1.0.200.202406191623/tools/bin/../lib/gcc/arm-none-eabi/12.3.1/../../../../arm-none-eabi/lib/thumb/v7e-m+fp/hard/crt0.o
LOAD ./Core/Src/bsp/bsp_uart.o
LOAD ./Core/Src/main.o
LOAD ./Core/Src/stm32f4xx_hal_msp.o
LOAD ./Core/Src/stm32f4xx_it.o
LOAD ./Core/Src/syscalls.o
LOAD ./Core/Src/sysmem.o
LOAD ./Core/Src/system_stm32f4xx.o
LOAD ./Core/Src/system/sys_manage.o
LOAD ./Core/Startup/startup_stm32f411vetx.o
LOAD ./Drivers/STM32F4xx_HAL_Driver/Src/stm32f4xx_hal.o
LOAD ./Drivers/STM32F4xx_HAL_Driver/Src/stm32f4xx_hal_cortex.o
LOAD ./Drivers/STM32F4xx_HAL_Driver/Src/stm32f4xx_hal_dma.o
LOAD ./Drivers/STM32F4xx_HAL_Driver/Src/stm32f4xx_hal_dma_ex.o
LOAD ./Drivers/STM32F4xx_HAL_Driver/Src/stm32f4xx_hal_exti.o
LOAD ./Drivers/STM32F4xx_HAL_Driver/Src/stm32f4xx_hal_flash.o
LOAD ./Drivers/STM32F4xx_HAL_Driver/Src/stm32f4xx_hal_flash_ex.o
LOAD ./Drivers/STM32F4xx_HAL_Driver/Src/stm32f4xx_hal_flash_ramfunc.o
LOAD ./Drivers/STM32F4xx_HAL_Driver/Src/stm32f4xx_hal_gpio.o
LOAD ./Drivers/STM32F4xx_HAL_Driver/Src/stm32f4xx_hal_pwr.o
LOAD ./Drivers/STM32F4xx_HAL_Driver/Src/stm32f4xx_hal_pwr_ex.o
LOAD ./Drivers/STM32F4xx_HAL_Driver/Src/stm32f4xx_hal_rcc.o
LOAD ./Drivers/STM32F4xx_HAL_Driver/Src/stm32f4xx_hal_rcc_ex.o
LOAD ./Drivers/STM32F4xx_HAL_Driver/Src/stm32f4xx_hal_tim.o
LOAD ./Drivers/STM32F4xx_HAL_Driver/Src/stm32f4xx_hal_tim_ex.o
LOAD ./Drivers/STM32F4xx_HAL_Driver/Src/stm32f4xx_hal_uart.o
START GROUP
LOAD D:/STM32/CubeIDE/STM32CubeIDE_1.16.0/STM32CubeIDE/plugins/com.st.stm32cube.ide.mcu.externaltools.gnu-tools-for-stm32.12.3.rel1.win32_1.0.200.202406191623/tools/bin/../lib/gcc/arm-none-eabi/12.3.1/../../../../arm-none-eabi/lib/thumb/v7e-m+fp/hard\libc_nano.a
LOAD D:/STM32/CubeIDE/STM32CubeIDE_1.16.0/STM32CubeIDE/plugins/com.st.stm32cube.ide.mcu.externaltools.gnu-tools-for-stm32.12.3.rel1.win32_1.0.200.202406191623/tools/bin/../lib/gcc/arm-none-eabi/12.3.1/../../../../arm-none-eabi/lib/thumb/v7e-m+fp/hard\libm.a
END GROUP
START GROUP
LOAD D:/STM32/CubeIDE/STM32CubeIDE_1.16.0/STM32CubeIDE/plugins/com.st.stm32cube.ide.mcu.externaltools.gnu-tools-for-stm32.12.3.rel1.win32_1.0.200.202406191623/tools/bin/../lib/gcc/arm-none-eabi/12.3.1/thumb/v7e-m+fp/hard\libgcc.a
LOAD D:/STM32/CubeIDE/STM32CubeIDE_1.16.0/STM32CubeIDE/plugins/com.st.stm32cube.ide.mcu.externaltools.gnu-tools-for-stm32.12.3.rel1.win32_1.0.200.202406191623/tools/bin/../lib/gcc/arm-none-eabi/12.3.1/../../../../arm-none-eabi/lib/thumb/v7e-m+fp/hard\libc_nano.a
END GROUP
START GROUP
LOAD D:/STM32/CubeIDE/STM32CubeIDE_1.16.0/STM32CubeIDE/plugins/com.st.stm32cube.ide.mcu.externaltools.gnu-tools-for-stm32.12.3.rel1.win32_1.0.200.202406191623/tools/bin/../lib/gcc/arm-none-eabi/12.3.1/thumb/v7e-m+fp/hard\libgcc.a
LOAD D:/STM32/CubeIDE/STM32CubeIDE_1.16.0/STM32CubeIDE/plugins/com.st.stm32cube.ide.mcu.externaltools.gnu-tools-for-stm32.12.3.rel1.win32_1.0.200.202406191623/tools/bin/../lib/gcc/arm-none-eabi/12.3.1/../../../../arm-none-eabi/lib/thumb/v7e-m+fp/hard\libc_nano.a
LOAD D:/STM32/CubeIDE/STM32CubeIDE_1.16.0/STM32CubeIDE/plugins/com.st.stm32cube.ide.mcu.externaltools.gnu-tools-for-stm32.12.3.rel1.win32_1.0.200.202406191623/tools/bin/../lib/gcc/arm-none-eabi/12.3.1/../../../../arm-none-eabi/lib/thumb/v7e-m+fp/hard\libnosys.a
END GROUP
START GROUP
LOAD D:/STM32/CubeIDE/STM32CubeIDE_1.16.0/STM32CubeIDE/plugins/com.st.stm32cube.ide.mcu.externaltools.gnu-tools-for-stm32.12.3.rel1.win32_1.0.200.202406191623/tools/bin/../lib/gcc/arm-none-eabi/12.3.1/thumb/v7e-m+fp/hard\libgcc.a
LOAD D:/STM32/CubeIDE/STM32CubeIDE_1.16.0/STM32CubeIDE/plugins/com.st.stm32cube.ide.mcu.externaltools.gnu-tools-for-stm32.12.3.rel1.win32_1.0.200.202406191623/tools/bin/../lib/gcc/arm-none-eabi/12.3.1/../../../../arm-none-eabi/lib/thumb/v7e-m+fp/hard\libc_nano.a
LOAD D:/STM32/CubeIDE/STM32CubeIDE_1.16.0/STM32CubeIDE/plugins/com.st.stm32cube.ide.mcu.externaltools.gnu-tools-for-stm32.12.3.rel1.win32_1.0.200.202406191623/tools/bin/../lib/gcc/arm-none-eabi/12.3.1/../../../../arm-none-eabi/lib/thumb/v7e-m+fp/hard\libnosys.a
END GROUP
LOAD D:/STM32/CubeIDE/STM32CubeIDE_1.16.0/STM32CubeIDE/plugins/com.st.stm32cube.ide.mcu.externaltools.gnu-tools-for-stm32.12.3.rel1.win32_1.0.200.202406191623/tools/bin/../lib/gcc/arm-none-eabi/12.3.1/thumb/v7e-m+fp/hard/crtend.o
LOAD D:/STM32/CubeIDE/STM32CubeIDE_1.16.0/STM32CubeIDE/plugins/com.st.stm32cube.ide.mcu.externaltools.gnu-tools-for-stm32.12.3.rel1.win32_1.0.200.202406191623/tools/bin/../lib/gcc/arm-none-eabi/12.3.1/thumb/v7e-m+fp/hard/crtn.o
                0x20020000                        _estack = (ORIGIN (RAM) + LENGTH (RAM))
                0x00000200                        _Min_Heap_Size = 0x200
                0x00000400                        _Min_Stack_Size = 0x400

.isr_vector     0x08000000      0x198
                0x08000000                        . = ALIGN (0x4)
 *(.isr_vector)
 .isr_vector    0x08000000      0x198 ./Core/Startup/startup_stm32f411vetx.o
                0x08000000                g_pfnVectors
                0x08000198                        . = ALIGN (0x4)

.text           0x08000198     0x2d54
                0x08000198                        . = ALIGN (0x4)
 *(.text)
 .text          0x08000198       0x40 D:/STM32/CubeIDE/STM32CubeIDE_1.16.0/STM32CubeIDE/plugins/com.st.stm32cube.ide.mcu.externaltools.gnu-tools-for-stm32.12.3.rel1.win32_1.0.200.202406191623/tools/bin/../lib/gcc/arm-none-eabi/12.3.1/thumb/v7e-m+fp/hard/crtbegin.o
 .text          0x080001d8       0x10 D:/STM32/CubeIDE/STM32CubeIDE_1.16.0/STM32CubeIDE/plugins/com.st.stm32cube.ide.mcu.externaltools.gnu-tools-for-stm32.12.3.rel1.win32_1.0.200.202406191623/tools/bin/../lib/gcc/arm-none-eabi/12.3.1/../../../../arm-none-eabi/lib/thumb/v7e-m+fp/hard\libc_nano.a(libc_a-strlen.o)
                0x080001d8                strlen
 .text          0x080001e8       0x30 D:/STM32/CubeIDE/STM32CubeIDE_1.16.0/STM32CubeIDE/plugins/com.st.stm32cube.ide.mcu.externaltools.gnu-tools-for-stm32.12.3.rel1.win32_1.0.200.202406191623/tools/bin/../lib/gcc/arm-none-eabi/12.3.1/thumb/v7e-m+fp/hard\libgcc.a(_aeabi_uldivmod.o)
                0x080001e8                __aeabi_uldivmod
 .text          0x08000218      0x2bc D:/STM32/CubeIDE/STM32CubeIDE_1.16.0/STM32CubeIDE/plugins/com.st.stm32cube.ide.mcu.externaltools.gnu-tools-for-stm32.12.3.rel1.win32_1.0.200.202406191623/tools/bin/../lib/gcc/arm-none-eabi/12.3.1/thumb/v7e-m+fp/hard\libgcc.a(_udivmoddi4.o)
                0x08000218                __udivmoddi4
 .text          0x080004d4        0x4 D:/STM32/CubeIDE/STM32CubeIDE_1.16.0/STM32CubeIDE/plugins/com.st.stm32cube.ide.mcu.externaltools.gnu-tools-for-stm32.12.3.rel1.win32_1.0.200.202406191623/tools/bin/../lib/gcc/arm-none-eabi/12.3.1/thumb/v7e-m+fp/hard\libgcc.a(_dvmd_tls.o)
                0x080004d4                __aeabi_idiv0
                0x080004d4                __aeabi_ldiv0
 *(.text*)
 .text.bsp_uart_init
                0x080004d8       0x70 ./Core/Src/bsp/bsp_uart.o
                0x080004d8                bsp_uart_init
 .text.bsp_uart_start_read_to_idle_it
                0x08000548       0x4a ./Core/Src/bsp/bsp_uart.o
                0x08000548                bsp_uart_start_read_to_idle_it
 .text.bsp_uart_print
                0x08000592       0x50 ./Core/Src/bsp/bsp_uart.o
                0x08000592                bsp_uart_print
 .text.bsp_uart_print_length
                0x080005e2       0x4c ./Core/Src/bsp/bsp_uart.o
                0x080005e2                bsp_uart_print_length
 *fill*         0x0800062e        0x2 
 .text.main     0x08000630       0x34 ./Core/Src/main.o
                0x08000630                main
 .text.HAL_UARTEx_RxEventCallback
                0x08000664       0x80 ./Core/Src/main.o
                0x08000664                HAL_UARTEx_RxEventCallback
 .text.SystemClock_Config
                0x080006e4       0xbc ./Core/Src/main.o
                0x080006e4                SystemClock_Config
 .text.MX_USART2_UART_Init
                0x080007a0       0x54 ./Core/Src/main.o
 .text.MX_GPIO_Init
                0x080007f4       0x50 ./Core/Src/main.o
 .text.Error_Handler
                0x08000844        0xc ./Core/Src/main.o
                0x08000844                Error_Handler
 .text.HAL_MspInit
                0x08000850       0x50 ./Core/Src/stm32f4xx_hal_msp.o
                0x08000850                HAL_MspInit
 .text.HAL_UART_MspInit
                0x080008a0       0xa0 ./Core/Src/stm32f4xx_hal_msp.o
                0x080008a0                HAL_UART_MspInit
 .text.NMI_Handler
                0x08000940        0x8 ./Core/Src/stm32f4xx_it.o
                0x08000940                NMI_Handler
 .text.HardFault_Handler
                0x08000948        0x8 ./Core/Src/stm32f4xx_it.o
                0x08000948                HardFault_Handler
 .text.MemManage_Handler
                0x08000950        0x8 ./Core/Src/stm32f4xx_it.o
                0x08000950                MemManage_Handler
 .text.BusFault_Handler
                0x08000958        0x8 ./Core/Src/stm32f4xx_it.o
                0x08000958                BusFault_Handler
 .text.UsageFault_Handler
                0x08000960        0x8 ./Core/Src/stm32f4xx_it.o
                0x08000960                UsageFault_Handler
 .text.SVC_Handler
                0x08000968        0xe ./Core/Src/stm32f4xx_it.o
                0x08000968                SVC_Handler
 .text.DebugMon_Handler
                0x08000976        0xe ./Core/Src/stm32f4xx_it.o
                0x08000976                DebugMon_Handler
 .text.PendSV_Handler
                0x08000984        0xe ./Core/Src/stm32f4xx_it.o
                0x08000984                PendSV_Handler
 .text.SysTick_Handler
                0x08000992        0xc ./Core/Src/stm32f4xx_it.o
                0x08000992                SysTick_Handler
 *fill*         0x0800099e        0x2 
 .text.USART2_IRQHandler
                0x080009a0       0x14 ./Core/Src/stm32f4xx_it.o
                0x080009a0                USART2_IRQHandler
 .text.SystemInit
                0x080009b4       0x24 ./Core/Src/system_stm32f4xx.o
                0x080009b4                SystemInit
 .text.sys_init
                0x080009d8       0x88 ./Core/Src/system/sys_manage.o
                0x080009d8                sys_init
 .text.sys_manage_fsm
                0x08000a60      0x1a0 ./Core/Src/system/sys_manage.o
                0x08000a60                sys_manage_fsm
 .text.sys_uart_rx_event_callback
                0x08000c00       0x26 ./Core/Src/system/sys_manage.o
                0x08000c00                sys_uart_rx_event_callback
 .text.sys_check_received_a_full_command
                0x08000c26       0x54 ./Core/Src/system/sys_manage.o
 .text.sys_check_not_received_a_full_command
                0x08000c7a       0x7e ./Core/Src/system/sys_manage.o
 .text.Reset_Handler
                0x08000cf8       0x50 ./Core/Startup/startup_stm32f411vetx.o
                0x08000cf8                Reset_Handler
 .text.Default_Handler
                0x08000d48        0x2 ./Core/Startup/startup_stm32f411vetx.o
                0x08000d48                RTC_Alarm_IRQHandler
                0x08000d48                EXTI2_IRQHandler
                0x08000d48                SPI4_IRQHandler
                0x08000d48                TIM1_CC_IRQHandler
                0x08000d48                DMA2_Stream5_IRQHandler
                0x08000d48                DMA1_Stream5_IRQHandler
                0x08000d48                PVD_IRQHandler
                0x08000d48                SDIO_IRQHandler
                0x08000d48                TAMP_STAMP_IRQHandler
                0x08000d48                EXTI3_IRQHandler
                0x08000d48                TIM1_UP_TIM10_IRQHandler
                0x08000d48                I2C3_ER_IRQHandler
                0x08000d48                EXTI0_IRQHandler
                0x08000d48                I2C2_EV_IRQHandler
                0x08000d48                DMA1_Stream2_IRQHandler
                0x08000d48                FPU_IRQHandler
                0x08000d48                DMA2_Stream2_IRQHandler
                0x08000d48                SPI1_IRQHandler
                0x08000d48                TIM1_BRK_TIM9_IRQHandler
                0x08000d48                DMA2_Stream3_IRQHandler
                0x08000d48                USART6_IRQHandler
                0x08000d48                DMA2_Stream0_IRQHandler
                0x08000d48                TIM4_IRQHandler
                0x08000d48                I2C1_EV_IRQHandler
                0x08000d48                DMA1_Stream6_IRQHandler
                0x08000d48                DMA1_Stream1_IRQHandler
                0x08000d48                TIM3_IRQHandler
                0x08000d48                RCC_IRQHandler
                0x08000d48                Default_Handler
                0x08000d48                EXTI15_10_IRQHandler
                0x08000d48                ADC_IRQHandler
                0x08000d48                DMA1_Stream7_IRQHandler
                0x08000d48                SPI5_IRQHandler
                0x08000d48                TIM5_IRQHandler
                0x08000d48                DMA2_Stream7_IRQHandler
                0x08000d48                I2C3_EV_IRQHandler
                0x08000d48                EXTI9_5_IRQHandler
                0x08000d48                RTC_WKUP_IRQHandler
                0x08000d48                SPI2_IRQHandler
                0x08000d48                DMA1_Stream0_IRQHandler
                0x08000d48                EXTI4_IRQHandler
                0x08000d48                WWDG_IRQHandler
                0x08000d48                TIM2_IRQHandler
                0x08000d48                OTG_FS_WKUP_IRQHandler
                0x08000d48                TIM1_TRG_COM_TIM11_IRQHandler
                0x08000d48                EXTI1_IRQHandler
                0x08000d48                I2C2_ER_IRQHandler
                0x08000d48                DMA2_Stream1_IRQHandler
                0x08000d48                FLASH_IRQHandler
                0x08000d48                DMA2_Stream4_IRQHandler
                0x08000d48                USART1_IRQHandler
                0x08000d48                OTG_FS_IRQHandler
                0x08000d48                SPI3_IRQHandler
                0x08000d48                DMA1_Stream4_IRQHandler
                0x08000d48                I2C1_ER_IRQHandler
                0x08000d48                DMA2_Stream6_IRQHandler
                0x08000d48                DMA1_Stream3_IRQHandler
 *fill*         0x08000d4a        0x2 
 .text.HAL_Init
                0x08000d4c       0x44 ./Drivers/STM32F4xx_HAL_Driver/Src/stm32f4xx_hal.o
                0x08000d4c                HAL_Init
 .text.HAL_InitTick
                0x08000d90       0x60 ./Drivers/STM32F4xx_HAL_Driver/Src/stm32f4xx_hal.o
                0x08000d90                HAL_InitTick
 .text.HAL_IncTick
                0x08000df0       0x28 ./Drivers/STM32F4xx_HAL_Driver/Src/stm32f4xx_hal.o
                0x08000df0                HAL_IncTick
 .text.HAL_GetTick
                0x08000e18       0x18 ./Drivers/STM32F4xx_HAL_Driver/Src/stm32f4xx_hal.o
                0x08000e18                HAL_GetTick
 .text.__NVIC_SetPriorityGrouping
                0x08000e30       0x48 ./Drivers/STM32F4xx_HAL_Driver/Src/stm32f4xx_hal_cortex.o
 .text.__NVIC_GetPriorityGrouping
                0x08000e78       0x1c ./Drivers/STM32F4xx_HAL_Driver/Src/stm32f4xx_hal_cortex.o
 .text.__NVIC_EnableIRQ
                0x08000e94       0x3c ./Drivers/STM32F4xx_HAL_Driver/Src/stm32f4xx_hal_cortex.o
 .text.__NVIC_SetPriority
                0x08000ed0       0x54 ./Drivers/STM32F4xx_HAL_Driver/Src/stm32f4xx_hal_cortex.o
 .text.NVIC_EncodePriority
                0x08000f24       0x66 ./Drivers/STM32F4xx_HAL_Driver/Src/stm32f4xx_hal_cortex.o
 *fill*         0x08000f8a        0x2 
 .text.SysTick_Config
                0x08000f8c       0x44 ./Drivers/STM32F4xx_HAL_Driver/Src/stm32f4xx_hal_cortex.o
 .text.HAL_NVIC_SetPriorityGrouping
                0x08000fd0       0x16 ./Drivers/STM32F4xx_HAL_Driver/Src/stm32f4xx_hal_cortex.o
                0x08000fd0                HAL_NVIC_SetPriorityGrouping
 .text.HAL_NVIC_SetPriority
                0x08000fe6       0x38 ./Drivers/STM32F4xx_HAL_Driver/Src/stm32f4xx_hal_cortex.o
                0x08000fe6                HAL_NVIC_SetPriority
 .text.HAL_NVIC_EnableIRQ
                0x0800101e       0x1c ./Drivers/STM32F4xx_HAL_Driver/Src/stm32f4xx_hal_cortex.o
                0x0800101e                HAL_NVIC_EnableIRQ
 .text.HAL_SYSTICK_Config
                0x0800103a       0x18 ./Drivers/STM32F4xx_HAL_Driver/Src/stm32f4xx_hal_cortex.o
                0x0800103a                HAL_SYSTICK_Config
 .text.HAL_DMA_Abort
                0x08001052       0xe0 ./Drivers/STM32F4xx_HAL_Driver/Src/stm32f4xx_hal_dma.o
                0x08001052                HAL_DMA_Abort
 .text.HAL_DMA_Abort_IT
                0x08001132       0x44 ./Drivers/STM32F4xx_HAL_Driver/Src/stm32f4xx_hal_dma.o
                0x08001132                HAL_DMA_Abort_IT
 *fill*         0x08001176        0x2 
 .text.HAL_GPIO_Init
                0x08001178      0x308 ./Drivers/STM32F4xx_HAL_Driver/Src/stm32f4xx_hal_gpio.o
                0x08001178                HAL_GPIO_Init
 .text.HAL_RCC_OscConfig
                0x08001480      0x4f0 ./Drivers/STM32F4xx_HAL_Driver/Src/stm32f4xx_hal_rcc.o
                0x08001480                HAL_RCC_OscConfig
 .text.HAL_RCC_ClockConfig
                0x08001970      0x1cc ./Drivers/STM32F4xx_HAL_Driver/Src/stm32f4xx_hal_rcc.o
                0x08001970                HAL_RCC_ClockConfig
 .text.HAL_RCC_GetSysClockFreq
                0x08001b3c      0x18c ./Drivers/STM32F4xx_HAL_Driver/Src/stm32f4xx_hal_rcc.o
                0x08001b3c                HAL_RCC_GetSysClockFreq
 .text.HAL_RCC_GetHCLKFreq
                0x08001cc8       0x18 ./Drivers/STM32F4xx_HAL_Driver/Src/stm32f4xx_hal_rcc.o
                0x08001cc8                HAL_RCC_GetHCLKFreq
 .text.HAL_RCC_GetPCLK1Freq
                0x08001ce0       0x28 ./Drivers/STM32F4xx_HAL_Driver/Src/stm32f4xx_hal_rcc.o
                0x08001ce0                HAL_RCC_GetPCLK1Freq
 .text.HAL_RCC_GetPCLK2Freq
                0x08001d08       0x28 ./Drivers/STM32F4xx_HAL_Driver/Src/stm32f4xx_hal_rcc.o
                0x08001d08                HAL_RCC_GetPCLK2Freq
 .text.HAL_UART_Init
                0x08001d30       0xa0 ./Drivers/STM32F4xx_HAL_Driver/Src/stm32f4xx_hal_uart.o
                0x08001d30                HAL_UART_Init
 .text.HAL_UART_Transmit
                0x08001dd0      0x116 ./Drivers/STM32F4xx_HAL_Driver/Src/stm32f4xx_hal_uart.o
                0x08001dd0                HAL_UART_Transmit
 .text.HAL_UARTEx_ReceiveToIdle_IT
                0x08001ee6       0xba ./Drivers/STM32F4xx_HAL_Driver/Src/stm32f4xx_hal_uart.o
                0x08001ee6                HAL_UARTEx_ReceiveToIdle_IT
 .text.HAL_UART_IRQHandler
                0x08001fa0      0x524 ./Drivers/STM32F4xx_HAL_Driver/Src/stm32f4xx_hal_uart.o
                0x08001fa0                HAL_UART_IRQHandler
 .text.HAL_UART_TxCpltCallback
                0x080024c4       0x14 ./Drivers/STM32F4xx_HAL_Driver/Src/stm32f4xx_hal_uart.o
                0x080024c4                HAL_UART_TxCpltCallback
 .text.HAL_UART_RxCpltCallback
                0x080024d8       0x14 ./Drivers/STM32F4xx_HAL_Driver/Src/stm32f4xx_hal_uart.o
                0x080024d8                HAL_UART_RxCpltCallback
 .text.HAL_UART_ErrorCallback
                0x080024ec       0x14 ./Drivers/STM32F4xx_HAL_Driver/Src/stm32f4xx_hal_uart.o
                0x080024ec                HAL_UART_ErrorCallback
 .text.UART_WaitOnFlagUntilTimeout
                0x08002500       0xb2 ./Drivers/STM32F4xx_HAL_Driver/Src/stm32f4xx_hal_uart.o
 .text.UART_Start_Receive_IT
                0x080025b2       0x74 ./Drivers/STM32F4xx_HAL_Driver/Src/stm32f4xx_hal_uart.o
                0x080025b2                UART_Start_Receive_IT
 .text.UART_EndRxTransfer
                0x08002626       0xc6 ./Drivers/STM32F4xx_HAL_Driver/Src/stm32f4xx_hal_uart.o
 .text.UART_DMAAbortOnError
                0x080026ec       0x28 ./Drivers/STM32F4xx_HAL_Driver/Src/stm32f4xx_hal_uart.o
 .text.UART_Transmit_IT
                0x08002714       0xa0 ./Drivers/STM32F4xx_HAL_Driver/Src/stm32f4xx_hal_uart.o
 .text.UART_EndTransmit_IT
                0x080027b4       0x30 ./Drivers/STM32F4xx_HAL_Driver/Src/stm32f4xx_hal_uart.o
 .text.UART_Receive_IT
                0x080027e4      0x17c ./Drivers/STM32F4xx_HAL_Driver/Src/stm32f4xx_hal_uart.o
 .text.UART_SetConfig
                0x08002960      0x4e8 ./Drivers/STM32F4xx_HAL_Driver/Src/stm32f4xx_hal_uart.o
 .text.memmove  0x08002e48       0x34 D:/STM32/CubeIDE/STM32CubeIDE_1.16.0/STM32CubeIDE/plugins/com.st.stm32cube.ide.mcu.externaltools.gnu-tools-for-stm32.12.3.rel1.win32_1.0.200.202406191623/tools/bin/../lib/gcc/arm-none-eabi/12.3.1/../../../../arm-none-eabi/lib/thumb/v7e-m+fp/hard\libc_nano.a(libc_a-memmove.o)
                0x08002e48                memmove
 .text.memset   0x08002e7c       0x10 D:/STM32/CubeIDE/STM32CubeIDE_1.16.0/STM32CubeIDE/plugins/com.st.stm32cube.ide.mcu.externaltools.gnu-tools-for-stm32.12.3.rel1.win32_1.0.200.202406191623/tools/bin/../lib/gcc/arm-none-eabi/12.3.1/../../../../arm-none-eabi/lib/thumb/v7e-m+fp/hard\libc_nano.a(libc_a-memset.o)
                0x08002e7c                memset
 .text.__libc_init_array
                0x08002e8c       0x48 D:/STM32/CubeIDE/STM32CubeIDE_1.16.0/STM32CubeIDE/plugins/com.st.stm32cube.ide.mcu.externaltools.gnu-tools-for-stm32.12.3.rel1.win32_1.0.200.202406191623/tools/bin/../lib/gcc/arm-none-eabi/12.3.1/../../../../arm-none-eabi/lib/thumb/v7e-m+fp/hard\libc_nano.a(libc_a-init.o)
                0x08002e8c                __libc_init_array
 *(.glue_7)
 .glue_7        0x08002ed4        0x0 linker stubs
 *(.glue_7t)
 .glue_7t       0x08002ed4        0x0 linker stubs
 *(.eh_frame)
 .eh_frame      0x08002ed4        0x0 D:/STM32/CubeIDE/STM32CubeIDE_1.16.0/STM32CubeIDE/plugins/com.st.stm32cube.ide.mcu.externaltools.gnu-tools-for-stm32.12.3.rel1.win32_1.0.200.202406191623/tools/bin/../lib/gcc/arm-none-eabi/12.3.1/thumb/v7e-m+fp/hard/crtbegin.o
 *(.init)
 .init          0x08002ed4        0x4 D:/STM32/CubeIDE/STM32CubeIDE_1.16.0/STM32CubeIDE/plugins/com.st.stm32cube.ide.mcu.externaltools.gnu-tools-for-stm32.12.3.rel1.win32_1.0.200.202406191623/tools/bin/../lib/gcc/arm-none-eabi/12.3.1/thumb/v7e-m+fp/hard/crti.o
                0x08002ed4                _init
 .init          0x08002ed8        0x8 D:/STM32/CubeIDE/STM32CubeIDE_1.16.0/STM32CubeIDE/plugins/com.st.stm32cube.ide.mcu.externaltools.gnu-tools-for-stm32.12.3.rel1.win32_1.0.200.202406191623/tools/bin/../lib/gcc/arm-none-eabi/12.3.1/thumb/v7e-m+fp/hard/crtn.o
 *(.fini)
 .fini          0x08002ee0        0x4 D:/STM32/CubeIDE/STM32CubeIDE_1.16.0/STM32CubeIDE/plugins/com.st.stm32cube.ide.mcu.externaltools.gnu-tools-for-stm32.12.3.rel1.win32_1.0.200.202406191623/tools/bin/../lib/gcc/arm-none-eabi/12.3.1/thumb/v7e-m+fp/hard/crti.o
                0x08002ee0                _fini
 .fini          0x08002ee4        0x8 D:/STM32/CubeIDE/STM32CubeIDE_1.16.0/STM32CubeIDE/plugins/com.st.stm32cube.ide.mcu.externaltools.gnu-tools-for-stm32.12.3.rel1.win32_1.0.200.202406191623/tools/bin/../lib/gcc/arm-none-eabi/12.3.1/thumb/v7e-m+fp/hard/crtn.o
                0x08002eec                        . = ALIGN (0x4)
                0x08002eec                        _etext = .

.vfp11_veneer   0x08002eec        0x0
 .vfp11_veneer  0x08002eec        0x0 linker stubs

.v4_bx          0x08002eec        0x0
 .v4_bx         0x08002eec        0x0 linker stubs

.iplt           0x08002eec        0x0
 .iplt          0x08002eec        0x0 D:/STM32/CubeIDE/STM32CubeIDE_1.16.0/STM32CubeIDE/plugins/com.st.stm32cube.ide.mcu.externaltools.gnu-tools-for-stm32.12.3.rel1.win32_1.0.200.202406191623/tools/bin/../lib/gcc/arm-none-eabi/12.3.1/thumb/v7e-m+fp/hard/crtbegin.o

.rodata         0x08002eec       0x44
                0x08002eec                        . = ALIGN (0x4)
 *(.rodata)
 .rodata        0x08002eec       0x2b ./Core/Src/system/sys_manage.o
 *(.rodata*)
 *fill*         0x08002f17        0x1 
 .rodata.AHBPrescTable
                0x08002f18       0x10 ./Core/Src/system_stm32f4xx.o
                0x08002f18                AHBPrescTable
 .rodata.APBPrescTable
                0x08002f28        0x8 ./Core/Src/system_stm32f4xx.o
                0x08002f28                APBPrescTable
                0x08002f30                        . = ALIGN (0x4)

.ARM.extab      0x08002f30        0x0
                0x08002f30                        . = ALIGN (0x4)
 *(.ARM.extab* .gnu.linkonce.armextab.*)
                0x08002f30                        . = ALIGN (0x4)

.ARM            0x08002f30        0x8
                0x08002f30                        . = ALIGN (0x4)
                0x08002f30                        __exidx_start = .
 *(.ARM.exidx*)
 .ARM.exidx     0x08002f30        0x8 D:/STM32/CubeIDE/STM32CubeIDE_1.16.0/STM32CubeIDE/plugins/com.st.stm32cube.ide.mcu.externaltools.gnu-tools-for-stm32.12.3.rel1.win32_1.0.200.202406191623/tools/bin/../lib/gcc/arm-none-eabi/12.3.1/../../../../arm-none-eabi/lib/thumb/v7e-m+fp/hard\libc_nano.a(libc_a-strlen.o)
 .ARM.exidx     0x08002f38        0x0 D:/STM32/CubeIDE/STM32CubeIDE_1.16.0/STM32CubeIDE/plugins/com.st.stm32cube.ide.mcu.externaltools.gnu-tools-for-stm32.12.3.rel1.win32_1.0.200.202406191623/tools/bin/../lib/gcc/arm-none-eabi/12.3.1/thumb/v7e-m+fp/hard\libgcc.a(_udivmoddi4.o)
                                  0x8 (size before relaxing)
                0x08002f38                        __exidx_end = .
                0x08002f38                        . = ALIGN (0x4)

.preinit_array  0x08002f38        0x0
                0x08002f38                        . = ALIGN (0x4)
                0x08002f38                        PROVIDE (__preinit_array_start = .)
 *(.preinit_array*)
                0x08002f38                        PROVIDE (__preinit_array_end = .)
                0x08002f38                        . = ALIGN (0x4)

.init_array     0x08002f38        0x4
                0x08002f38                        . = ALIGN (0x4)
                0x08002f38                        PROVIDE (__init_array_start = .)
 *(SORT_BY_NAME(.init_array.*))
 *(.init_array*)
 .init_array    0x08002f38        0x4 D:/STM32/CubeIDE/STM32CubeIDE_1.16.0/STM32CubeIDE/plugins/com.st.stm32cube.ide.mcu.externaltools.gnu-tools-for-stm32.12.3.rel1.win32_1.0.200.202406191623/tools/bin/../lib/gcc/arm-none-eabi/12.3.1/thumb/v7e-m+fp/hard/crtbegin.o
                0x08002f3c                        PROVIDE (__init_array_end = .)
                0x08002f3c                        . = ALIGN (0x4)

.fini_array     0x08002f3c        0x4
                0x08002f3c                        . = ALIGN (0x4)
                [!provide]                        PROVIDE (__fini_array_start = .)
 *(SORT_BY_NAME(.fini_array.*))
 *(.fini_array*)
 .fini_array    0x08002f3c        0x4 D:/STM32/CubeIDE/STM32CubeIDE_1.16.0/STM32CubeIDE/plugins/com.st.stm32cube.ide.mcu.externaltools.gnu-tools-for-stm32.12.3.rel1.win32_1.0.200.202406191623/tools/bin/../lib/gcc/arm-none-eabi/12.3.1/thumb/v7e-m+fp/hard/crtbegin.o
                [!provide]                        PROVIDE (__fini_array_end = .)
                0x08002f40                        . = ALIGN (0x4)
                0x08002f40                        _sidata = LOADADDR (.data)

.rel.dyn        0x08002f40        0x0
 .rel.iplt      0x08002f40        0x0 D:/STM32/CubeIDE/STM32CubeIDE_1.16.0/STM32CubeIDE/plugins/com.st.stm32cube.ide.mcu.externaltools.gnu-tools-for-stm32.12.3.rel1.win32_1.0.200.202406191623/tools/bin/../lib/gcc/arm-none-eabi/12.3.1/thumb/v7e-m+fp/hard/crtbegin.o

.data           0x20000000       0x2c load address 0x08002f40
                0x20000000                        . = ALIGN (0x4)
                0x20000000                        _sdata = .
 *(.data)
 *(.data*)
 .data.sys_manage_handled_flag
                0x20000000        0x1 ./Core/Src/main.o
                0x20000000                sys_manage_handled_flag
 *fill*         0x20000001        0x3 
 .data.uart_init
                0x20000004       0x1c ./Core/Src/main.o
                0x20000004                uart_init
 .data.SystemCoreClock
                0x20000020        0x4 ./Core/Src/system_stm32f4xx.o
                0x20000020                SystemCoreClock
 .data.uwTickPrio
                0x20000024        0x4 ./Drivers/STM32F4xx_HAL_Driver/Src/stm32f4xx_hal.o
                0x20000024                uwTickPrio
 .data.uwTickFreq
                0x20000028        0x1 ./Drivers/STM32F4xx_HAL_Driver/Src/stm32f4xx_hal.o
                0x20000028                uwTickFreq
 *(.RamFunc)
 *(.RamFunc*)
                0x2000002c                        . = ALIGN (0x4)
 *fill*         0x20000029        0x3 
                0x2000002c                        _edata = .

.igot.plt       0x2000002c        0x0 load address 0x08002f6c
 .igot.plt      0x2000002c        0x0 D:/STM32/CubeIDE/STM32CubeIDE_1.16.0/STM32CubeIDE/plugins/com.st.stm32cube.ide.mcu.externaltools.gnu-tools-for-stm32.12.3.rel1.win32_1.0.200.202406191623/tools/bin/../lib/gcc/arm-none-eabi/12.3.1/thumb/v7e-m+fp/hard/crtbegin.o
                0x2000002c                        . = ALIGN (0x4)

.bss            0x2000002c       0xa4 load address 0x08002f6c
                0x2000002c                        _sbss = .
                0x2000002c                        __bss_start__ = _sbss
 *(.bss)
 .bss           0x2000002c       0x1c D:/STM32/CubeIDE/STM32CubeIDE_1.16.0/STM32CubeIDE/plugins/com.st.stm32cube.ide.mcu.externaltools.gnu-tools-for-stm32.12.3.rel1.win32_1.0.200.202406191623/tools/bin/../lib/gcc/arm-none-eabi/12.3.1/thumb/v7e-m+fp/hard/crtbegin.o
 *(.bss*)
 .bss.huart2    0x20000048       0x48 ./Core/Src/main.o
                0x20000048                huart2
 .bss.rx_buffer
                0x20000090       0x32 ./Core/Src/main.o
                0x20000090                rx_buffer
 .bss.rx_buffer_index
                0x200000c2        0x1 ./Core/Src/main.o
                0x200000c2                rx_buffer_index
 *fill*         0x200000c3        0x1 
 .bss.tx_buffer
                0x200000c4        0x4 ./Core/Src/main.o
                0x200000c4                tx_buffer
 .bss.sys_current_state
                0x200000c8        0x1 ./Core/Src/system/sys_manage.o
 *fill*         0x200000c9        0x3 
 .bss.uwTick    0x200000cc        0x4 ./Drivers/STM32F4xx_HAL_Driver/Src/stm32f4xx_hal.o
                0x200000cc                uwTick
 *(COMMON)
                0x200000d0                        . = ALIGN (0x4)
                0x200000d0                        _ebss = .
                0x200000d0                        __bss_end__ = _ebss

._user_heap_stack
                0x200000d0      0x600 load address 0x08002f6c
                0x200000d0                        . = ALIGN (0x8)
                [!provide]                        PROVIDE (end = .)
                0x200000d0                        PROVIDE (_end = .)
                0x200002d0                        . = (. + _Min_Heap_Size)
 *fill*         0x200000d0      0x200 
                0x200006d0                        . = (. + _Min_Stack_Size)
 *fill*         0x200002d0      0x400 
                0x200006d0                        . = ALIGN (0x8)

/DISCARD/
 libc.a(*)
 libm.a(*)
 libgcc.a(*)

.ARM.attributes
                0x00000000       0x30
 *(.ARM.attributes)
 .ARM.attributes
                0x00000000       0x22 D:/STM32/CubeIDE/STM32CubeIDE_1.16.0/STM32CubeIDE/plugins/com.st.stm32cube.ide.mcu.externaltools.gnu-tools-for-stm32.12.3.rel1.win32_1.0.200.202406191623/tools/bin/../lib/gcc/arm-none-eabi/12.3.1/thumb/v7e-m+fp/hard/crti.o
 .ARM.attributes
                0x00000022       0x34 D:/STM32/CubeIDE/STM32CubeIDE_1.16.0/STM32CubeIDE/plugins/com.st.stm32cube.ide.mcu.externaltools.gnu-tools-for-stm32.12.3.rel1.win32_1.0.200.202406191623/tools/bin/../lib/gcc/arm-none-eabi/12.3.1/thumb/v7e-m+fp/hard/crtbegin.o
 .ARM.attributes
                0x00000056       0x34 ./Core/Src/bsp/bsp_uart.o
 .ARM.attributes
                0x0000008a       0x34 ./Core/Src/main.o
 .ARM.attributes
                0x000000be       0x34 ./Core/Src/stm32f4xx_hal_msp.o
 .ARM.attributes
                0x000000f2       0x34 ./Core/Src/stm32f4xx_it.o
 .ARM.attributes
                0x00000126       0x34 ./Core/Src/system_stm32f4xx.o
 .ARM.attributes
                0x0000015a       0x34 ./Core/Src/system/sys_manage.o
 .ARM.attributes
                0x0000018e       0x21 ./Core/Startup/startup_stm32f411vetx.o
 .ARM.attributes
                0x000001af       0x34 ./Drivers/STM32F4xx_HAL_Driver/Src/stm32f4xx_hal.o
 .ARM.attributes
                0x000001e3       0x34 ./Drivers/STM32F4xx_HAL_Driver/Src/stm32f4xx_hal_cortex.o
 .ARM.attributes
                0x00000217       0x34 ./Drivers/STM32F4xx_HAL_Driver/Src/stm32f4xx_hal_dma.o
 .ARM.attributes
                0x0000024b       0x34 ./Drivers/STM32F4xx_HAL_Driver/Src/stm32f4xx_hal_gpio.o
 .ARM.attributes
                0x0000027f       0x34 ./Drivers/STM32F4xx_HAL_Driver/Src/stm32f4xx_hal_rcc.o
 .ARM.attributes
                0x000002b3       0x34 ./Drivers/STM32F4xx_HAL_Driver/Src/stm32f4xx_hal_uart.o
 .ARM.attributes
                0x000002e7       0x34 D:/STM32/CubeIDE/STM32CubeIDE_1.16.0/STM32CubeIDE/plugins/com.st.stm32cube.ide.mcu.externaltools.gnu-tools-for-stm32.12.3.rel1.win32_1.0.200.202406191623/tools/bin/../lib/gcc/arm-none-eabi/12.3.1/../../../../arm-none-eabi/lib/thumb/v7e-m+fp/hard\libc_nano.a(libc_a-memmove.o)
 .ARM.attributes
                0x0000031b       0x34 D:/STM32/CubeIDE/STM32CubeIDE_1.16.0/STM32CubeIDE/plugins/com.st.stm32cube.ide.mcu.externaltools.gnu-tools-for-stm32.12.3.rel1.win32_1.0.200.202406191623/tools/bin/../lib/gcc/arm-none-eabi/12.3.1/../../../../arm-none-eabi/lib/thumb/v7e-m+fp/hard\libc_nano.a(libc_a-memset.o)
 .ARM.attributes
                0x0000034f       0x34 D:/STM32/CubeIDE/STM32CubeIDE_1.16.0/STM32CubeIDE/plugins/com.st.stm32cube.ide.mcu.externaltools.gnu-tools-for-stm32.12.3.rel1.win32_1.0.200.202406191623/tools/bin/../lib/gcc/arm-none-eabi/12.3.1/../../../../arm-none-eabi/lib/thumb/v7e-m+fp/hard\libc_nano.a(libc_a-init.o)
 .ARM.attributes
                0x00000383       0x17 D:/STM32/CubeIDE/STM32CubeIDE_1.16.0/STM32CubeIDE/plugins/com.st.stm32cube.ide.mcu.externaltools.gnu-tools-for-stm32.12.3.rel1.win32_1.0.200.202406191623/tools/bin/../lib/gcc/arm-none-eabi/12.3.1/../../../../arm-none-eabi/lib/thumb/v7e-m+fp/hard\libc_nano.a(libc_a-strlen.o)
 .ARM.attributes
                0x0000039a       0x22 D:/STM32/CubeIDE/STM32CubeIDE_1.16.0/STM32CubeIDE/plugins/com.st.stm32cube.ide.mcu.externaltools.gnu-tools-for-stm32.12.3.rel1.win32_1.0.200.202406191623/tools/bin/../lib/gcc/arm-none-eabi/12.3.1/thumb/v7e-m+fp/hard\libgcc.a(_aeabi_uldivmod.o)
 .ARM.attributes
                0x000003bc       0x34 D:/STM32/CubeIDE/STM32CubeIDE_1.16.0/STM32CubeIDE/plugins/com.st.stm32cube.ide.mcu.externaltools.gnu-tools-for-stm32.12.3.rel1.win32_1.0.200.202406191623/tools/bin/../lib/gcc/arm-none-eabi/12.3.1/thumb/v7e-m+fp/hard\libgcc.a(_udivmoddi4.o)
 .ARM.attributes
                0x000003f0       0x22 D:/STM32/CubeIDE/STM32CubeIDE_1.16.0/STM32CubeIDE/plugins/com.st.stm32cube.ide.mcu.externaltools.gnu-tools-for-stm32.12.3.rel1.win32_1.0.200.202406191623/tools/bin/../lib/gcc/arm-none-eabi/12.3.1/thumb/v7e-m+fp/hard\libgcc.a(_dvmd_tls.o)
 .ARM.attributes
                0x00000412       0x22 D:/STM32/CubeIDE/STM32CubeIDE_1.16.0/STM32CubeIDE/plugins/com.st.stm32cube.ide.mcu.externaltools.gnu-tools-for-stm32.12.3.rel1.win32_1.0.200.202406191623/tools/bin/../lib/gcc/arm-none-eabi/12.3.1/thumb/v7e-m+fp/hard/crtn.o
OUTPUT(uart_interrupt_firmware.elf elf32-littlearm)
LOAD linker stubs
LOAD D:/STM32/CubeIDE/STM32CubeIDE_1.16.0/STM32CubeIDE/plugins/com.st.stm32cube.ide.mcu.externaltools.gnu-tools-for-stm32.12.3.rel1.win32_1.0.200.202406191623/tools/bin/../lib/gcc/arm-none-eabi/12.3.1/../../../../arm-none-eabi/lib/thumb/v7e-m+fp/hard\libc.a
LOAD D:/STM32/CubeIDE/STM32CubeIDE_1.16.0/STM32CubeIDE/plugins/com.st.stm32cube.ide.mcu.externaltools.gnu-tools-for-stm32.12.3.rel1.win32_1.0.200.202406191623/tools/bin/../lib/gcc/arm-none-eabi/12.3.1/../../../../arm-none-eabi/lib/thumb/v7e-m+fp/hard\libm.a
LOAD D:/STM32/CubeIDE/STM32CubeIDE_1.16.0/STM32CubeIDE/plugins/com.st.stm32cube.ide.mcu.externaltools.gnu-tools-for-stm32.12.3.rel1.win32_1.0.200.202406191623/tools/bin/../lib/gcc/arm-none-eabi/12.3.1/thumb/v7e-m+fp/hard\libgcc.a

.debug_info     0x00000000     0x9037
 .debug_info    0x00000000      0x7c9 ./Core/Src/bsp/bsp_uart.o
 .debug_info    0x000007c9      0xbc0 ./Core/Src/main.o
 .debug_info    0x00001389      0xaf9 ./Core/Src/stm32f4xx_hal_msp.o
 .debug_info    0x00001e82      0x640 ./Core/Src/stm32f4xx_it.o
 .debug_info    0x000024c2      0x53e ./Core/Src/system_stm32f4xx.o
 .debug_info    0x00002a00      0x855 ./Core/Src/system/sys_manage.o
 .debug_info    0x00003255       0x30 ./Core/Startup/startup_stm32f411vetx.o
 .debug_info    0x00003285      0x8c4 ./Drivers/STM32F4xx_HAL_Driver/Src/stm32f4xx_hal.o
 .debug_info    0x00003b49      0xcc7 ./Drivers/STM32F4xx_HAL_Driver/Src/stm32f4xx_hal_cortex.o
 .debug_info    0x00004810      0x8e6 ./Drivers/STM32F4xx_HAL_Driver/Src/stm32f4xx_hal_dma.o
 .debug_info    0x000050f6      0x6f9 ./Drivers/STM32F4xx_HAL_Driver/Src/stm32f4xx_hal_gpio.o
 .debug_info    0x000057ef      0x8f2 ./Drivers/STM32F4xx_HAL_Driver/Src/stm32f4xx_hal_rcc.o
 .debug_info    0x000060e1     0x2f56 ./Drivers/STM32F4xx_HAL_Driver/Src/stm32f4xx_hal_uart.o

.debug_abbrev   0x00000000     0x1970
 .debug_abbrev  0x00000000      0x185 ./Core/Src/bsp/bsp_uart.o
 .debug_abbrev  0x00000185      0x271 ./Core/Src/main.o
 .debug_abbrev  0x000003f6      0x1cb ./Core/Src/stm32f4xx_hal_msp.o
 .debug_abbrev  0x000005c1      0x182 ./Core/Src/stm32f4xx_it.o
 .debug_abbrev  0x00000743      0x11a ./Core/Src/system_stm32f4xx.o
 .debug_abbrev  0x0000085d      0x1b8 ./Core/Src/system/sys_manage.o
 .debug_abbrev  0x00000a15       0x24 ./Core/Startup/startup_stm32f411vetx.o
 .debug_abbrev  0x00000a39      0x24b ./Drivers/STM32F4xx_HAL_Driver/Src/stm32f4xx_hal.o
 .debug_abbrev  0x00000c84      0x328 ./Drivers/STM32F4xx_HAL_Driver/Src/stm32f4xx_hal_cortex.o
 .debug_abbrev  0x00000fac      0x221 ./Drivers/STM32F4xx_HAL_Driver/Src/stm32f4xx_hal_dma.o
 .debug_abbrev  0x000011cd      0x1d3 ./Drivers/STM32F4xx_HAL_Driver/Src/stm32f4xx_hal_gpio.o
 .debug_abbrev  0x000013a0      0x2b5 ./Drivers/STM32F4xx_HAL_Driver/Src/stm32f4xx_hal_rcc.o
 .debug_abbrev  0x00001655      0x31b ./Drivers/STM32F4xx_HAL_Driver/Src/stm32f4xx_hal_uart.o

.debug_aranges  0x00000000      0x738
 .debug_aranges
                0x00000000       0x40 ./Core/Src/bsp/bsp_uart.o
 .debug_aranges
                0x00000040       0x48 ./Core/Src/main.o
 .debug_aranges
                0x00000088       0x30 ./Core/Src/stm32f4xx_hal_msp.o
 .debug_aranges
                0x000000b8       0x68 ./Core/Src/stm32f4xx_it.o
 .debug_aranges
                0x00000120       0x28 ./Core/Src/system_stm32f4xx.o
 .debug_aranges
                0x00000148       0x40 ./Core/Src/system/sys_manage.o
 .debug_aranges
                0x00000188       0x28 ./Core/Startup/startup_stm32f411vetx.o
 .debug_aranges
                0x000001b0       0xf0 ./Drivers/STM32F4xx_HAL_Driver/Src/stm32f4xx_hal.o
 .debug_aranges
                0x000002a0      0x120 ./Drivers/STM32F4xx_HAL_Driver/Src/stm32f4xx_hal_cortex.o
 .debug_aranges
                0x000003c0       0x90 ./Drivers/STM32F4xx_HAL_Driver/Src/stm32f4xx_hal_dma.o
 .debug_aranges
                0x00000450       0x58 ./Drivers/STM32F4xx_HAL_Driver/Src/stm32f4xx_hal_gpio.o
 .debug_aranges
                0x000004a8       0x88 ./Drivers/STM32F4xx_HAL_Driver/Src/stm32f4xx_hal_rcc.o
 .debug_aranges
                0x00000530      0x208 ./Drivers/STM32F4xx_HAL_Driver/Src/stm32f4xx_hal_uart.o

.debug_rnglists
                0x00000000      0x57b
 .debug_rnglists
                0x00000000       0x2b ./Core/Src/bsp/bsp_uart.o
 .debug_rnglists
                0x0000002b       0x33 ./Core/Src/main.o
 .debug_rnglists
                0x0000005e       0x20 ./Core/Src/stm32f4xx_hal_msp.o
 .debug_rnglists
                0x0000007e       0x49 ./Core/Src/stm32f4xx_it.o
 .debug_rnglists
                0x000000c7       0x1a ./Core/Src/system_stm32f4xx.o
 .debug_rnglists
                0x000000e1       0x2d ./Core/Src/system/sys_manage.o
 .debug_rnglists
                0x0000010e       0x19 ./Core/Startup/startup_stm32f411vetx.o
 .debug_rnglists
                0x00000127       0xaf ./Drivers/STM32F4xx_HAL_Driver/Src/stm32f4xx_hal.o
 .debug_rnglists
                0x000001d6       0xd4 ./Drivers/STM32F4xx_HAL_Driver/Src/stm32f4xx_hal_cortex.o
 .debug_rnglists
                0x000002aa       0x70 ./Drivers/STM32F4xx_HAL_Driver/Src/stm32f4xx_hal_dma.o
 .debug_rnglists
                0x0000031a       0x3f ./Drivers/STM32F4xx_HAL_Driver/Src/stm32f4xx_hal_gpio.o
 .debug_rnglists
                0x00000359       0x66 ./Drivers/STM32F4xx_HAL_Driver/Src/stm32f4xx_hal_rcc.o
 .debug_rnglists
                0x000003bf      0x1bc ./Drivers/STM32F4xx_HAL_Driver/Src/stm32f4xx_hal_uart.o

.debug_macro    0x00000000    0x15851
 .debug_macro   0x00000000      0x2ae ./Core/Src/bsp/bsp_uart.o
 .debug_macro   0x000002ae      0xab4 ./Core/Src/bsp/bsp_uart.o
 .debug_macro   0x00000d62      0x295 ./Core/Src/bsp/bsp_uart.o
 .debug_macro   0x00000ff7       0x2e ./Core/Src/bsp/bsp_uart.o
 .debug_macro   0x00001025       0x28 ./Core/Src/bsp/bsp_uart.o
 .debug_macro   0x0000104d       0x22 ./Core/Src/bsp/bsp_uart.o
 .debug_macro   0x0000106f       0x8e ./Core/Src/bsp/bsp_uart.o
 .debug_macro   0x000010fd       0x51 ./Core/Src/bsp/bsp_uart.o
 .debug_macro   0x0000114e      0x103 ./Core/Src/bsp/bsp_uart.o
 .debug_macro   0x00001251       0x6a ./Core/Src/bsp/bsp_uart.o
 .debug_macro   0x000012bb      0x1df ./Core/Src/bsp/bsp_uart.o
 .debug_macro   0x0000149a       0x1c ./Core/Src/bsp/bsp_uart.o
 .debug_macro   0x000014b6       0x22 ./Core/Src/bsp/bsp_uart.o
 .debug_macro   0x000014d8       0xfb ./Core/Src/bsp/bsp_uart.o
 .debug_macro   0x000015d3     0x1011 ./Core/Src/bsp/bsp_uart.o
 .debug_macro   0x000025e4      0x11f ./Core/Src/bsp/bsp_uart.o
 .debug_macro   0x00002703     0xb953 ./Core/Src/bsp/bsp_uart.o
 .debug_macro   0x0000e056       0x6d ./Core/Src/bsp/bsp_uart.o
 .debug_macro   0x0000e0c3     0x368c ./Core/Src/bsp/bsp_uart.o
 .debug_macro   0x0001174f      0x189 ./Core/Src/bsp/bsp_uart.o
 .debug_macro   0x000118d8       0x5c ./Core/Src/bsp/bsp_uart.o
 .debug_macro   0x00011934      0x45c ./Core/Src/bsp/bsp_uart.o
 .debug_macro   0x00011d90      0x9e9 ./Core/Src/bsp/bsp_uart.o
 .debug_macro   0x00012779      0x115 ./Core/Src/bsp/bsp_uart.o
 .debug_macro   0x0001288e      0x11b ./Core/Src/bsp/bsp_uart.o
 .debug_macro   0x000129a9       0xa5 ./Core/Src/bsp/bsp_uart.o
 .debug_macro   0x00012a4e      0x15f ./Core/Src/bsp/bsp_uart.o
 .debug_macro   0x00012bad      0x287 ./Core/Src/bsp/bsp_uart.o
 .debug_macro   0x00012e34       0x5f ./Core/Src/bsp/bsp_uart.o
 .debug_macro   0x00012e93      0x236 ./Core/Src/bsp/bsp_uart.o
 .debug_macro   0x000130c9      0x132 ./Core/Src/bsp/bsp_uart.o
 .debug_macro   0x000131fb      0x264 ./Core/Src/bsp/bsp_uart.o
 .debug_macro   0x0001345f       0x2e ./Core/Src/bsp/bsp_uart.o
 .debug_macro   0x0001348d      0x127 ./Core/Src/bsp/bsp_uart.o
 .debug_macro   0x000135b4       0x85 ./Core/Src/bsp/bsp_uart.o
 .debug_macro   0x00013639       0x89 ./Core/Src/bsp/bsp_uart.o
 .debug_macro   0x000136c2      0x2aa ./Core/Src/bsp/bsp_uart.o
 .debug_macro   0x0001396c      0x126 ./Core/Src/bsp/bsp_uart.o
 .debug_macro   0x00013a92       0x61 ./Core/Src/bsp/bsp_uart.o
 .debug_macro   0x00013af3       0x2a ./Core/Src/bsp/bsp_uart.o
 .debug_macro   0x00013b1d       0x43 ./Core/Src/bsp/bsp_uart.o
 .debug_macro   0x00013b60       0x34 ./Core/Src/bsp/bsp_uart.o
 .debug_macro   0x00013b94       0x16 ./Core/Src/bsp/bsp_uart.o
 .debug_macro   0x00013baa       0x43 ./Core/Src/bsp/bsp_uart.o
 .debug_macro   0x00013bed       0x34 ./Core/Src/bsp/bsp_uart.o
 .debug_macro   0x00013c21       0x10 ./Core/Src/bsp/bsp_uart.o
 .debug_macro   0x00013c31       0x58 ./Core/Src/bsp/bsp_uart.o
 .debug_macro   0x00013c89       0x8e ./Core/Src/bsp/bsp_uart.o
 .debug_macro   0x00013d17       0x1c ./Core/Src/bsp/bsp_uart.o
 .debug_macro   0x00013d33      0x177 ./Core/Src/bsp/bsp_uart.o
 .debug_macro   0x00013eaa      0x369 ./Core/Src/bsp/bsp_uart.o
 .debug_macro   0x00014213       0x10 ./Core/Src/bsp/bsp_uart.o
 .debug_macro   0x00014223       0x35 ./Core/Src/bsp/bsp_uart.o
 .debug_macro   0x00014258       0x20 ./Core/Src/bsp/bsp_uart.o
 .debug_macro   0x00014278      0x2b4 ./Core/Src/main.o
 .debug_macro   0x0001452c       0x22 ./Core/Src/main.o
 .debug_macro   0x0001454e       0x10 ./Core/Src/main.o
 .debug_macro   0x0001455e      0x1c4 ./Core/Src/stm32f4xx_hal_msp.o
 .debug_macro   0x00014722      0x1ce ./Core/Src/stm32f4xx_it.o
 .debug_macro   0x000148f0      0x1ba ./Core/Src/system_stm32f4xx.o
 .debug_macro   0x00014aaa      0x2ba ./Core/Src/system/sys_manage.o
 .debug_macro   0x00014d64      0x21a ./Drivers/STM32F4xx_HAL_Driver/Src/stm32f4xx_hal.o
 .debug_macro   0x00014f7e      0x1ba ./Drivers/STM32F4xx_HAL_Driver/Src/stm32f4xx_hal_cortex.o
 .debug_macro   0x00015138      0x1c0 ./Drivers/STM32F4xx_HAL_Driver/Src/stm32f4xx_hal_dma.o
 .debug_macro   0x000152f8      0x1c0 ./Drivers/STM32F4xx_HAL_Driver/Src/stm32f4xx_hal_gpio.o
 .debug_macro   0x000154b8      0x1de ./Drivers/STM32F4xx_HAL_Driver/Src/stm32f4xx_hal_rcc.o
 .debug_macro   0x00015696      0x1bb ./Drivers/STM32F4xx_HAL_Driver/Src/stm32f4xx_hal_uart.o

.debug_line     0x00000000     0xa088
 .debug_line    0x00000000      0xab5 ./Core/Src/bsp/bsp_uart.o
 .debug_line    0x00000ab5      0xab8 ./Core/Src/main.o
 .debug_line    0x0000156d      0x76a ./Core/Src/stm32f4xx_hal_msp.o
 .debug_line    0x00001cd7      0x7f4 ./Core/Src/stm32f4xx_it.o
 .debug_line    0x000024cb      0x79e ./Core/Src/system_stm32f4xx.o
 .debug_line    0x00002c69      0xbb0 ./Core/Src/system/sys_manage.o
 .debug_line    0x00003819       0x7a ./Core/Startup/startup_stm32f411vetx.o
 .debug_line    0x00003893      0xa07 ./Drivers/STM32F4xx_HAL_Driver/Src/stm32f4xx_hal.o
 .debug_line    0x0000429a      0xccf ./Drivers/STM32F4xx_HAL_Driver/Src/stm32f4xx_hal_cortex.o
 .debug_line    0x00004f69      0xf77 ./Drivers/STM32F4xx_HAL_Driver/Src/stm32f4xx_hal_dma.o
 .debug_line    0x00005ee0      0xb57 ./Drivers/STM32F4xx_HAL_Driver/Src/stm32f4xx_hal_gpio.o
 .debug_line    0x00006a37      0xd78 ./Drivers/STM32F4xx_HAL_Driver/Src/stm32f4xx_hal_rcc.o
 .debug_line    0x000077af     0x28d9 ./Drivers/STM32F4xx_HAL_Driver/Src/stm32f4xx_hal_uart.o

.debug_str      0x00000000    0x854ba
 .debug_str     0x00000000    0x83317 ./Core/Src/bsp/bsp_uart.o
                              0x8360d (size before relaxing)
 .debug_str     0x00083317      0x3dc ./Core/Src/main.o
                              0x83872 (size before relaxing)
 .debug_str     0x000836f3      0x4a8 ./Core/Src/stm32f4xx_hal_msp.o
                              0x8080a (size before relaxing)
 .debug_str     0x00083b9b       0xef ./Core/Src/stm32f4xx_it.o
                              0x80333 (size before relaxing)
 .debug_str     0x00083c8a       0xdb ./Core/Src/system_stm32f4xx.o
                              0x7ffbf (size before relaxing)
 .debug_str     0x00083d65      0x15b ./Core/Src/system/sys_manage.o
                              0x83700 (size before relaxing)
 .debug_str     0x00083ec0       0x44 ./Core/Startup/startup_stm32f411vetx.o
                                 0xb5 (size before relaxing)
 .debug_str     0x00083f04      0x617 ./Drivers/STM32F4xx_HAL_Driver/Src/stm32f4xx_hal.o
                              0x809eb (size before relaxing)
 .debug_str     0x0008451b      0x33a ./Drivers/STM32F4xx_HAL_Driver/Src/stm32f4xx_hal_cortex.o
                              0x80723 (size before relaxing)
 .debug_str     0x00084855      0x328 ./Drivers/STM32F4xx_HAL_Driver/Src/stm32f4xx_hal_dma.o
                              0x803c7 (size before relaxing)
 .debug_str     0x00084b7d      0x15d ./Drivers/STM32F4xx_HAL_Driver/Src/stm32f4xx_hal_gpio.o
                              0x8013a (size before relaxing)
 .debug_str     0x00084cda      0x233 ./Drivers/STM32F4xx_HAL_Driver/Src/stm32f4xx_hal_rcc.o
                              0x803f3 (size before relaxing)
 .debug_str     0x00084f0d      0x5ad ./Drivers/STM32F4xx_HAL_Driver/Src/stm32f4xx_hal_uart.o
                              0x809c2 (size before relaxing)

.comment        0x00000000       0x43
 .comment       0x00000000       0x43 ./Core/Src/bsp/bsp_uart.o
                                 0x44 (size before relaxing)
 .comment       0x00000043       0x44 ./Core/Src/main.o
 .comment       0x00000043       0x44 ./Core/Src/stm32f4xx_hal_msp.o
 .comment       0x00000043       0x44 ./Core/Src/stm32f4xx_it.o
 .comment       0x00000043       0x44 ./Core/Src/system_stm32f4xx.o
 .comment       0x00000043       0x44 ./Core/Src/system/sys_manage.o
 .comment       0x00000043       0x44 ./Drivers/STM32F4xx_HAL_Driver/Src/stm32f4xx_hal.o
 .comment       0x00000043       0x44 ./Drivers/STM32F4xx_HAL_Driver/Src/stm32f4xx_hal_cortex.o
 .comment       0x00000043       0x44 ./Drivers/STM32F4xx_HAL_Driver/Src/stm32f4xx_hal_dma.o
 .comment       0x00000043       0x44 ./Drivers/STM32F4xx_HAL_Driver/Src/stm32f4xx_hal_gpio.o
 .comment       0x00000043       0x44 ./Drivers/STM32F4xx_HAL_Driver/Src/stm32f4xx_hal_rcc.o
 .comment       0x00000043       0x44 ./Drivers/STM32F4xx_HAL_Driver/Src/stm32f4xx_hal_uart.o

.debug_frame    0x00000000     0x1c44
 .debug_frame   0x00000000       0xc4 ./Core/Src/bsp/bsp_uart.o
 .debug_frame   0x000000c4       0xd0 ./Core/Src/main.o
 .debug_frame   0x00000194       0x80 ./Core/Src/stm32f4xx_hal_msp.o
 .debug_frame   0x00000214      0x120 ./Core/Src/stm32f4xx_it.o
 .debug_frame   0x00000334       0x58 ./Core/Src/system_stm32f4xx.o
 .debug_frame   0x0000038c       0xd4 ./Core/Src/system/sys_manage.o
 .debug_frame   0x00000460      0x374 ./Drivers/STM32F4xx_HAL_Driver/Src/stm32f4xx_hal.o
 .debug_frame   0x000007d4      0x4b8 ./Drivers/STM32F4xx_HAL_Driver/Src/stm32f4xx_hal_cortex.o
 .debug_frame   0x00000c8c      0x250 ./Drivers/STM32F4xx_HAL_Driver/Src/stm32f4xx_hal_dma.o
 .debug_frame   0x00000edc      0x14c ./Drivers/STM32F4xx_HAL_Driver/Src/stm32f4xx_hal_gpio.o
 .debug_frame   0x00001028      0x1f4 ./Drivers/STM32F4xx_HAL_Driver/Src/stm32f4xx_hal_rcc.o
 .debug_frame   0x0000121c      0x954 ./Drivers/STM32F4xx_HAL_Driver/Src/stm32f4xx_hal_uart.o
 .debug_frame   0x00001b70       0x28 D:/STM32/CubeIDE/STM32CubeIDE_1.16.0/STM32CubeIDE/plugins/com.st.stm32cube.ide.mcu.externaltools.gnu-tools-for-stm32.12.3.rel1.win32_1.0.200.202406191623/tools/bin/../lib/gcc/arm-none-eabi/12.3.1/../../../../arm-none-eabi/lib/thumb/v7e-m+fp/hard\libc_nano.a(libc_a-memmove.o)
 .debug_frame   0x00001b98       0x20 D:/STM32/CubeIDE/STM32CubeIDE_1.16.0/STM32CubeIDE/plugins/com.st.stm32cube.ide.mcu.externaltools.gnu-tools-for-stm32.12.3.rel1.win32_1.0.200.202406191623/tools/bin/../lib/gcc/arm-none-eabi/12.3.1/../../../../arm-none-eabi/lib/thumb/v7e-m+fp/hard\libc_nano.a(libc_a-memset.o)
 .debug_frame   0x00001bb8       0x2c D:/STM32/CubeIDE/STM32CubeIDE_1.16.0/STM32CubeIDE/plugins/com.st.stm32cube.ide.mcu.externaltools.gnu-tools-for-stm32.12.3.rel1.win32_1.0.200.202406191623/tools/bin/../lib/gcc/arm-none-eabi/12.3.1/../../../../arm-none-eabi/lib/thumb/v7e-m+fp/hard\libc_nano.a(libc_a-init.o)
 .debug_frame   0x00001be4       0x2c D:/STM32/CubeIDE/STM32CubeIDE_1.16.0/STM32CubeIDE/plugins/com.st.stm32cube.ide.mcu.externaltools.gnu-tools-for-stm32.12.3.rel1.win32_1.0.200.202406191623/tools/bin/../lib/gcc/arm-none-eabi/12.3.1/thumb/v7e-m+fp/hard\libgcc.a(_aeabi_uldivmod.o)
 .debug_frame   0x00001c10       0x34 D:/STM32/CubeIDE/STM32CubeIDE_1.16.0/STM32CubeIDE/plugins/com.st.stm32cube.ide.mcu.externaltools.gnu-tools-for-stm32.12.3.rel1.win32_1.0.200.202406191623/tools/bin/../lib/gcc/arm-none-eabi/12.3.1/thumb/v7e-m+fp/hard\libgcc.a(_udivmoddi4.o)

.debug_line_str
                0x00000000       0x99
 .debug_line_str
                0x00000000       0x99 ./Core/Startup/startup_stm32f411vetx.o
